<html>
<body>
<pre>
<h1>µVision Build Log</h1>
<h2>Tool Versions:</h2>
IDE-Version: ÂµVision V5.35.0.0
Copyright (C) 2021 ARM Ltd and ARM Germany GmbH. All rights reserved.
License Information: Charis Filis Aristotle University Of Thessaloniki Flex license: MDK Professional 5.35 (Flex) (mdk_pro) Operation stops: 28 Apr 2024
 
Tool Versions:
Toolchain:       MDK Professional 5.35 (Flex)  Version: 5.35.0.2
Toolchain Path:  C:\Keil_v5\ARM\ARMCC\Bin
C Compiler:      Armcc.exe V5.06 update 7 (build 960)
Assembler:       Armasm.exe V5.06 update 7 (build 960)
Linker/Locator:  ArmLink.exe V5.06 update 7 (build 960)
Library Manager: ArmAr.exe V5.06 update 7 (build 960)
Hex Converter:   FromElf.exe V5.06 update 7 (build 960)
CPU DLL:         SARMCM3.DLL V5.35.0.2
Dialog DLL:      DCM.DLL V1.17.3.0
Target DLL:      UL2CM3.DLL V1.164.0.0
Dialog DLL:      TCM.DLL V1.53.0.0
 
<h2>Project:</h2>
C:\Users\harry\Documents\Analog_TemperatureSensor_Test\HW477Test.Target_1.uvprojx
Project File Date:  09/12/2021

<h2>Output:</h2>
*** Using Compiler 'V5.06 update 7 (build 960)', folder: 'C:\Keil_v5\ARM\ARMCC\Bin'
Rebuild target 'Target_1'
compiling main.c...
compiling stm32l4xx_hal_comp.c...
compiling stm32l4xx_hal_cortex.c...
compiling stm32l4xx_it.c...
compiling stm32l4xx_hal_crc.c...
compiling LED_NUCLEO-L476RG.c...
compiling stm32l4xx_hal.c...
compiling stm32l4xx_hal_adc_ex.c...
compiling stm32l4xx_hal_can.c...
compiling Buttons_NUCLEO-L476RG.c...
compiling stm32l4xx_hal_adc.c...
compiling stm32l4xx_hal_dac.c...
compiling stm32l4xx_hal_hcd.c...
compiling stm32l4xx_hal_firewall.c...
compiling stm32l4xx_hal_dac_ex.c...
compiling stm32l4xx_hal_exti.c...
compiling stm32l4xx_hal_dfsdm_ex.c...
compiling stm32l4xx_hal_gpio.c...
compiling stm32l4xx_hal_crc_ex.c...
compiling stm32l4xx_hal_dfsdm.c...
compiling stm32l4xx_hal_dma.c...
compiling stm32l4xx_hal_dma_ex.c...
compiling stm32l4xx_hal_nor.c...
compiling stm32l4xx_hal_mmc.c...
compiling stm32l4xx_hal_opamp_ex.c...
compiling stm32l4xx_hal_irda.c...
compiling stm32l4xx_hal_lcd.c...
compiling stm32l4xx_hal_iwdg.c...
compiling stm32l4xx_hal_opamp.c...
compiling stm32l4xx_hal_lptim.c...
compiling stm32l4xx_hal_i2c.c...
compiling stm32l4xx_hal_nand.c...
compiling stm32l4xx_hal_i2c_ex.c...
compiling stm32l4xx_hal_pcd.c...
compiling stm32l4xx_hal_rcc.c...
compiling stm32l4xx_hal_rng_ex.c...
compiling stm32l4xx_hal_qspi.c...
compiling stm32l4xx_hal_rng.c...
compiling stm32l4xx_hal_rtc.c...
compiling stm32l4xx_hal_pwr_ex.c...
compiling stm32l4xx_hal_rtc_ex.c...
compiling stm32l4xx_hal_pcd_ex.c...
compiling stm32l4xx_hal_pwr.c...
compiling stm32l4xx_hal_rcc_ex.c...
compiling stm32l4xx_hal_sai.c...
compiling stm32l4xx_hal_sd.c...
compiling stm32l4xx_hal_sai_ex.c...
compiling stm32l4xx_hal_smartcard.c...
compiling stm32l4xx_hal_swpmi.c...
compiling stm32l4xx_hal_sd_ex.c...
compiling stm32l4xx_hal_smbus.c...
compiling stm32l4xx_hal_spi_ex.c...
compiling stm32l4xx_hal_smbus_ex.c...
compiling stm32l4xx_hal_smartcard_ex.c...
compiling stm32l4xx_hal_spi.c...
compiling stm32l4xx_hal_sram.c...
compiling stm32l4xx_hal_uart.c...
compiling stm32l4xx_hal_usart_ex.c...
assembling startup_stm32l476xx.s...
compiling stm32l4xx_ll_fmc.c...
compiling stm32l4xx_hal_usart.c...
compiling stm32l4xx_hal_uart_ex.c...
compiling stm32l4xx_hal_tim_ex.c...
compiling stm32l4xx_ll_sdmmc.c...
compiling stm32l4xx_ll_usb.c...
compiling stm32l4xx_hal_wwdg.c...
compiling stm32l4xx_hal_tim.c...
compiling stm32l4xx_hal_tsc.c...
compiling system_stm32l4xx.c...
compiling stm32l4xx_hal_msp.c...
linking...
Program Size: Code=19508 RO-data=644 RW-data=24 ZI-data=1824  
".\Objects\HW477Test.axf" - 0 Error(s), 0 Warning(s).

<h2>Software Packages used:</h2>

Package Vendor: ARM
                http://www.keil.com/pack/ARM.CMSIS.5.8.0.pack
                ARM.CMSIS.5.8.0
                CMSIS (Common Microcontroller Software Interface Standard)
   * Component: CORE Version: 5.5.0

Package Vendor: Keil
                project-path/Keil.FrameworkCubeMX.1.0.0.pack
                Keil.FrameworkCubeMX.1.0.0
                STM32CubeMX generated pack description
   * Component: STM32CubeMX Version: 1.1.0

Package Vendor: Keil
                http://www.keil.com/pack/Keil.MDK-Middleware.7.13.0.pack
                Keil.MDK-Middleware.7.13.0
                Middleware for Keil MDK-Professional and MDK-Plus
   * Component: Buttons Version: 1.0.0
   * Component: LED Version: 1.0.0

Package Vendor: Keil
                http://www.keil.com/pack/Keil.STM32L4xx_DFP.2.6.1.pack
                Keil.STM32L4xx_DFP.2.6.1
                STMicroelectronics STM32L4 Series Device Support, Drivers and Examples
   * Component: STM32Cube Framework Version: 1.1.0
   * Component: ADC Version: 1.13.0
   * Component: CAN Version: 1.13.0
   * Component: COMP Version: 1.13.0
   * Component: CRC Version: 1.13.0
   * Component: Common Version: 1.13.0
   * Component: Cortex Version: 1.13.0
   * Component: DAC Version: 1.13.0
   * Component: DFSDM Version: 1.13.0
   * Component: DMA Version: 1.13.0
   * Component: EXTI Version: 1.13.0
   * Component: FIREWALL Version: 1.13.0
   * Component: GPIO Version: 1.13.0
   * Component: HCD Version: 1.13.0
   * Component: I2C Version: 1.13.0
   * Component: IRDA Version: 1.13.0
   * Component: IWDG Version: 1.13.0
   * Component: LCD Version: 1.13.0
   * Component: LPTIM Version: 1.13.0
   * Component: MMC Version: 1.13.0
   * Component: NAND Version: 1.13.0
   * Component: NOR Version: 1.13.0
   * Component: OPAMP Version: 1.13.0
   * Component: PCD Version: 1.13.0
   * Component: PWR Version: 1.13.0
   * Component: QSPI Version: 1.13.0
   * Component: RCC Version: 1.13.0
   * Component: RNG Version: 1.13.0
   * Component: RTC Version: 1.13.0
   * Component: SAI Version: 1.13.0
   * Component: SD Version: 1.13.0
   * Component: SMBUS Version: 1.13.0
   * Component: SPI Version: 1.13.0
   * Component: SRAM Version: 1.13.0
   * Component: SWPMI Version: 1.13.0
   * Component: Smartcard Version: 1.13.0
   * Component: TIM Version: 1.13.0
   * Component: TSC Version: 1.13.0
   * Component: UART Version: 1.13.0
   * Component: USART Version: 1.13.0
   * Component: WWDG Version: 1.13.0
   * Component: Startup Version: 1.3.1

Package Vendor: Keil
                http://www.keil.com/pack/Keil.STM32NUCLEO_BSP.1.8.0.pack
                Keil.STM32NUCLEO_BSP.1.8.0
                STMicroelectronics Nucleo Boards Support and Examples
   * Component: Buttons Version: 1.0.0
   * Component: LED Version: 1.0.0

<h2>Collection of Component include folders:</h2>
  .\RTE\Device\STM32L476RGTx
  .\RTE\Device\STM32L476RGTx\STCubeGenerated
  .\RTE\Device\STM32L476RGTx\STCubeGenerated\Inc
  .\RTE\_Target_1
  C:\Users\harry\AppData\Local\Arm\Packs\ARM\CMSIS\5.8.0\CMSIS\Core\Include
  C:\Users\harry\AppData\Local\Arm\Packs\Keil\MDK-Middleware\7.13.0\Board
  C:\Users\harry\AppData\Local\Arm\Packs\Keil\STM32L4xx_DFP\2.6.1\Drivers\CMSIS\Device\ST\STM32L4xx\Include
  C:\Users\harry\AppData\Local\Arm\Packs\Keil\STM32L4xx_DFP\2.6.1\Drivers\STM32L4xx_HAL_Driver\Inc
  C:\Users\harry\AppData\Local\Arm\Packs\Keil\STM32L4xx_DFP\2.6.1\Drivers\STM32L4xx_HAL_Driver\Inc\Legacy

<h2>Collection of Component Files used:</h2>

   * Component: ::Board Support:Buttons:1.0.0 (API)
      Include file:  Board\Board_Buttons.h

   * Component: ::Board Support:LED:1.0.0 (API)
      Include file:  Board\Board_LED.h

   * Component: ::Device:STM32Cube Framework:1.1.0 (API)

   * Component: ARM::CMSIS:CORE:5.5.0

   * Component: Keil.NUCLEO-L476RG::Board Support:Buttons:1.0.0
      Source file:   Boards\ST\NUCLEO-L476RG\Common\Buttons_NUCLEO-L476RG.c

   * Component: Keil.NUCLEO-L476RG::Board Support:LED:1.0.0
      Source file:   Boards\ST\NUCLEO-L476RG\Common\LED_NUCLEO-L476RG.c

   * Component: Keil::Device:STM32Cube Framework:STM32CubeMX:1.1.0
      Include file:  MX_Device.h
      Source file:   STCubeGenerated\Src\stm32l4xx_hal_msp.c
      Include file:  STCubeGenerated\Inc\stm32l4xx_hal_conf.h

   * Component: Keil::Device:STM32Cube HAL:ADC:1.13.0
      Source file:   Drivers\STM32L4xx_HAL_Driver\Src\stm32l4xx_hal_adc_ex.c
      Source file:   Drivers\STM32L4xx_HAL_Driver\Src\stm32l4xx_hal_adc.c

   * Component: Keil::Device:STM32Cube HAL:CAN:1.13.0
      Source file:   Drivers\STM32L4xx_HAL_Driver\Src\stm32l4xx_hal_can.c

   * Component: Keil::Device:STM32Cube HAL:COMP:1.13.0
      Source file:   Drivers\STM32L4xx_HAL_Driver\Src\stm32l4xx_hal_comp.c

   * Component: Keil::Device:STM32Cube HAL:CRC:1.13.0
      Source file:   Drivers\STM32L4xx_HAL_Driver\Src\stm32l4xx_hal_crc.c
      Source file:   Drivers\STM32L4xx_HAL_Driver\Src\stm32l4xx_hal_crc_ex.c

   * Component: Keil::Device:STM32Cube HAL:Common:1.13.0
      Source file:   Drivers\STM32L4xx_HAL_Driver\Src\stm32l4xx_hal.c
      Include file:  Drivers\STM32L4xx_HAL_Driver\Inc\stm32l4xx_hal.h

   * Component: Keil::Device:STM32Cube HAL:Cortex:1.13.0
      Source file:   Drivers\STM32L4xx_HAL_Driver\Src\stm32l4xx_hal_cortex.c

   * Component: Keil::Device:STM32Cube HAL:DAC:1.13.0
      Source file:   Drivers\STM32L4xx_HAL_Driver\Src\stm32l4xx_hal_dac.c
      Source file:   Drivers\STM32L4xx_HAL_Driver\Src\stm32l4xx_hal_dac_ex.c

   * Component: Keil::Device:STM32Cube HAL:DFSDM:1.13.0
      Source file:   Drivers\STM32L4xx_HAL_Driver\Src\stm32l4xx_hal_dfsdm_ex.c
      Source file:   Drivers\STM32L4xx_HAL_Driver\Src\stm32l4xx_hal_dfsdm.c

   * Component: Keil::Device:STM32Cube HAL:DMA:1.13.0
      Source file:   Drivers\STM32L4xx_HAL_Driver\Src\stm32l4xx_hal_dma_ex.c
      Source file:   Drivers\STM32L4xx_HAL_Driver\Src\stm32l4xx_hal_dma.c

   * Component: Keil::Device:STM32Cube HAL:EXTI:1.13.0
      Source file:   Drivers\STM32L4xx_HAL_Driver\Src\stm32l4xx_hal_exti.c

   * Component: Keil::Device:STM32Cube HAL:FIREWALL:1.13.0
      Source file:   Drivers\STM32L4xx_HAL_Driver\Src\stm32l4xx_hal_firewall.c

   * Component: Keil::Device:STM32Cube HAL:GPIO:1.13.0
      Source file:   Drivers\STM32L4xx_HAL_Driver\Src\stm32l4xx_hal_gpio.c

   * Component: Keil::Device:STM32Cube HAL:HCD:1.13.0
      Source file:   Drivers\STM32L4xx_HAL_Driver\Src\stm32l4xx_hal_hcd.c
      Source file:   Drivers\STM32L4xx_HAL_Driver\Src\stm32l4xx_ll_usb.c

   * Component: Keil::Device:STM32Cube HAL:I2C:1.13.0
      Source file:   Drivers\STM32L4xx_HAL_Driver\Src\stm32l4xx_hal_i2c_ex.c
      Source file:   Drivers\STM32L4xx_HAL_Driver\Src\stm32l4xx_hal_i2c.c

   * Component: Keil::Device:STM32Cube HAL:IRDA:1.13.0
      Source file:   Drivers\STM32L4xx_HAL_Driver\Src\stm32l4xx_hal_irda.c

   * Component: Keil::Device:STM32Cube HAL:IWDG:1.13.0
      Source file:   Drivers\STM32L4xx_HAL_Driver\Src\stm32l4xx_hal_iwdg.c

   * Component: Keil::Device:STM32Cube HAL:LCD:1.13.0
      Source file:   Drivers\STM32L4xx_HAL_Driver\Src\stm32l4xx_hal_lcd.c

   * Component: Keil::Device:STM32Cube HAL:LPTIM:1.13.0
      Source file:   Drivers\STM32L4xx_HAL_Driver\Src\stm32l4xx_hal_lptim.c

   * Component: Keil::Device:STM32Cube HAL:MMC:1.13.0
      Source file:   Drivers\STM32L4xx_HAL_Driver\Src\stm32l4xx_hal_mmc.c

   * Component: Keil::Device:STM32Cube HAL:NAND:1.13.0
      Source file:   Drivers\STM32L4xx_HAL_Driver\Src\stm32l4xx_hal_nand.c
      Source file:   Drivers\STM32L4xx_HAL_Driver\Src\stm32l4xx_ll_fmc.c

   * Component: Keil::Device:STM32Cube HAL:NOR:1.13.0
      Source file:   Drivers\STM32L4xx_HAL_Driver\Src\stm32l4xx_ll_fmc.c
      Source file:   Drivers\STM32L4xx_HAL_Driver\Src\stm32l4xx_hal_nor.c

   * Component: Keil::Device:STM32Cube HAL:OPAMP:1.13.0
      Source file:   Drivers\STM32L4xx_HAL_Driver\Src\stm32l4xx_hal_opamp.c
      Source file:   Drivers\STM32L4xx_HAL_Driver\Src\stm32l4xx_hal_opamp_ex.c

   * Component: Keil::Device:STM32Cube HAL:PCD:1.13.0
      Source file:   Drivers\STM32L4xx_HAL_Driver\Src\stm32l4xx_ll_usb.c
      Source file:   Drivers\STM32L4xx_HAL_Driver\Src\stm32l4xx_hal_pcd.c
      Source file:   Drivers\STM32L4xx_HAL_Driver\Src\stm32l4xx_hal_pcd_ex.c

   * Component: Keil::Device:STM32Cube HAL:PWR:1.13.0
      Source file:   Drivers\STM32L4xx_HAL_Driver\Src\stm32l4xx_hal_pwr.c
      Source file:   Drivers\STM32L4xx_HAL_Driver\Src\stm32l4xx_hal_pwr_ex.c

   * Component: Keil::Device:STM32Cube HAL:QSPI:1.13.0
      Source file:   Drivers\STM32L4xx_HAL_Driver\Src\stm32l4xx_hal_qspi.c

   * Component: Keil::Device:STM32Cube HAL:RCC:1.13.0
      Source file:   Drivers\STM32L4xx_HAL_Driver\Src\stm32l4xx_hal_rcc.c
      Source file:   Drivers\STM32L4xx_HAL_Driver\Src\stm32l4xx_hal_rcc_ex.c

   * Component: Keil::Device:STM32Cube HAL:RNG:1.13.0
      Source file:   Drivers\STM32L4xx_HAL_Driver\Src\stm32l4xx_hal_rng_ex.c
      Source file:   Drivers\STM32L4xx_HAL_Driver\Src\stm32l4xx_hal_rng.c

   * Component: Keil::Device:STM32Cube HAL:RTC:1.13.0
      Source file:   Drivers\STM32L4xx_HAL_Driver\Src\stm32l4xx_hal_rtc.c
      Source file:   Drivers\STM32L4xx_HAL_Driver\Src\stm32l4xx_hal_rtc_ex.c

   * Component: Keil::Device:STM32Cube HAL:SAI:1.13.0
      Source file:   Drivers\STM32L4xx_HAL_Driver\Src\stm32l4xx_hal_sai_ex.c
      Source file:   Drivers\STM32L4xx_HAL_Driver\Src\stm32l4xx_hal_sai.c

   * Component: Keil::Device:STM32Cube HAL:SD:1.13.0
      Source file:   Drivers\STM32L4xx_HAL_Driver\Src\stm32l4xx_hal_sd.c
      Source file:   Drivers\STM32L4xx_HAL_Driver\Src\stm32l4xx_hal_sd_ex.c
      Source file:   Drivers\STM32L4xx_HAL_Driver\Src\stm32l4xx_ll_sdmmc.c

   * Component: Keil::Device:STM32Cube HAL:SMBUS:1.13.0
      Source file:   Drivers\STM32L4xx_HAL_Driver\Src\stm32l4xx_hal_smbus_ex.c
      Source file:   Drivers\STM32L4xx_HAL_Driver\Src\stm32l4xx_hal_smbus.c

   * Component: Keil::Device:STM32Cube HAL:SPI:1.13.0
      Source file:   Drivers\STM32L4xx_HAL_Driver\Src\stm32l4xx_hal_spi.c
      Source file:   Drivers\STM32L4xx_HAL_Driver\Src\stm32l4xx_hal_spi_ex.c

   * Component: Keil::Device:STM32Cube HAL:SRAM:1.13.0
      Source file:   Drivers\STM32L4xx_HAL_Driver\Src\stm32l4xx_ll_fmc.c
      Source file:   Drivers\STM32L4xx_HAL_Driver\Src\stm32l4xx_hal_sram.c

   * Component: Keil::Device:STM32Cube HAL:SWPMI:1.13.0
      Source file:   Drivers\STM32L4xx_HAL_Driver\Src\stm32l4xx_hal_swpmi.c

   * Component: Keil::Device:STM32Cube HAL:Smartcard:1.13.0
      Source file:   Drivers\STM32L4xx_HAL_Driver\Src\stm32l4xx_hal_smartcard_ex.c
      Source file:   Drivers\STM32L4xx_HAL_Driver\Src\stm32l4xx_hal_smartcard.c

   * Component: Keil::Device:STM32Cube HAL:TIM:1.13.0
      Source file:   Drivers\STM32L4xx_HAL_Driver\Src\stm32l4xx_hal_tim_ex.c
      Source file:   Drivers\STM32L4xx_HAL_Driver\Src\stm32l4xx_hal_tim.c

   * Component: Keil::Device:STM32Cube HAL:TSC:1.13.0
      Source file:   Drivers\STM32L4xx_HAL_Driver\Src\stm32l4xx_hal_tsc.c

   * Component: Keil::Device:STM32Cube HAL:UART:1.13.0
      Source file:   Drivers\STM32L4xx_HAL_Driver\Src\stm32l4xx_hal_uart.c
      Source file:   Drivers\STM32L4xx_HAL_Driver\Src\stm32l4xx_hal_uart_ex.c

   * Component: Keil::Device:STM32Cube HAL:USART:1.13.0
      Source file:   Drivers\STM32L4xx_HAL_Driver\Src\stm32l4xx_hal_usart.c
      Source file:   Drivers\STM32L4xx_HAL_Driver\Src\stm32l4xx_hal_usart_ex.c

   * Component: Keil::Device:STM32Cube HAL:WWDG:1.13.0
      Source file:   Drivers\STM32L4xx_HAL_Driver\Src\stm32l4xx_hal_wwdg.c

   * Component: Keil::Device:Startup:1.3.1
      Include file:  Drivers\CMSIS\Device\ST\STM32L4xx\Include\stm32l4xx.h
      Source file:   MDK\Device\Source\ARM\STM32L4xx_DB_OPT.s
      Source file:   Drivers\CMSIS\Device\ST\STM32L4xx\Source\Templates\arm\startup_stm32l476xx.s
      Source file:   Drivers\CMSIS\Device\ST\STM32L4xx\Source\Templates\system_stm32l4xx.c
Build Time Elapsed:  00:01:15
</pre>
</body>
</html>
