Component: ARM Compiler 5.06 update 7 (build 960) Tool: armlink [4d3601]

==============================================================================

Section Cross References

    main.o(i.MX_ADC1_Init) refers to rt_memclr_w.o(.text) for __aeabi_memclr4
    main.o(i.MX_ADC1_Init) refers to stm32l4xx_hal_adc.o(i.HAL_ADC_Init) for HAL_ADC_Init
    main.o(i.MX_ADC1_Init) refers to main.o(i.Error_Handler) for Error_Handler
    main.o(i.MX_ADC1_Init) refers to stm32l4xx_hal_adc_ex.o(i.HAL_ADCEx_MultiModeConfigChannel) for HAL_ADCEx_MultiModeConfigChannel
    main.o(i.MX_ADC1_Init) refers to stm32l4xx_hal_adc.o(i.HAL_ADC_ConfigChannel) for HAL_ADC_ConfigChannel
    main.o(i.MX_ADC1_Init) refers to main.o(.bss) for hadc1
    main.o(i.MX_GPIO_Init) refers to rt_memclr_w.o(.text) for __aeabi_memclr4
    main.o(i.MX_GPIO_Init) refers to stm32l4xx_hal_gpio.o(i.HAL_GPIO_WritePin) for HAL_GPIO_WritePin
    main.o(i.MX_GPIO_Init) refers to stm32l4xx_hal_gpio.o(i.HAL_GPIO_Init) for HAL_GPIO_Init
    main.o(i.MX_I2C1_Init) refers to stm32l4xx_hal_i2c.o(i.HAL_I2C_Init) for HAL_I2C_Init
    main.o(i.MX_I2C1_Init) refers to main.o(i.Error_Handler) for Error_Handler
    main.o(i.MX_I2C1_Init) refers to stm32l4xx_hal_i2c_ex.o(i.HAL_I2CEx_ConfigAnalogFilter) for HAL_I2CEx_ConfigAnalogFilter
    main.o(i.MX_I2C1_Init) refers to stm32l4xx_hal_i2c_ex.o(i.HAL_I2CEx_ConfigDigitalFilter) for HAL_I2CEx_ConfigDigitalFilter
    main.o(i.MX_I2C1_Init) refers to main.o(.bss) for hi2c1
    main.o(i.SystemClock_Config) refers to rt_memclr_w.o(.text) for __aeabi_memclr4
    main.o(i.SystemClock_Config) refers to stm32l4xx_hal_rcc.o(i.HAL_RCC_OscConfig) for HAL_RCC_OscConfig
    main.o(i.SystemClock_Config) refers to main.o(i.Error_Handler) for Error_Handler
    main.o(i.SystemClock_Config) refers to stm32l4xx_hal_rcc.o(i.HAL_RCC_ClockConfig) for HAL_RCC_ClockConfig
    main.o(i.SystemClock_Config) refers to stm32l4xx_hal_rcc_ex.o(i.HAL_RCCEx_PeriphCLKConfig) for HAL_RCCEx_PeriphCLKConfig
    main.o(i.SystemClock_Config) refers to stm32l4xx_hal_pwr_ex.o(i.HAL_PWREx_ControlVoltageScaling) for HAL_PWREx_ControlVoltageScaling
    main.o(i.ftoa) refers to main.o(i.intToStr) for intToStr
    main.o(i.ftoa) refers to dflt_clz.o(x$fpl$dflt) for __aeabi_i2d
    main.o(i.ftoa) refers to pow.o(i.__hardfp_pow) for __hardfp_pow
    main.o(i.ftoa) refers to f2d.o(x$fpl$f2d) for __aeabi_f2d
    main.o(i.ftoa) refers to dmul.o(x$fpl$dmul) for __aeabi_dmul
    main.o(i.ftoa) refers to d2f.o(x$fpl$d2f) for __aeabi_d2f
    main.o(i.intToStr) refers to main.o(i.reverse) for reverse
    main.o(i.lcd_clear) refers to main.o(i.lcd_send_cmd) for lcd_send_cmd
    main.o(i.lcd_clear) refers to main.o(i.lcd_send_data) for lcd_send_data
    main.o(i.lcd_init) refers to stm32l4xx_hal.o(i.HAL_Delay) for HAL_Delay
    main.o(i.lcd_init) refers to main.o(i.lcd_send_cmd) for lcd_send_cmd
    main.o(i.lcd_put_cur) refers to main.o(i.lcd_send_cmd) for lcd_send_cmd
    main.o(i.lcd_send_cmd) refers to stm32l4xx_hal_i2c.o(i.HAL_I2C_Master_Transmit) for HAL_I2C_Master_Transmit
    main.o(i.lcd_send_cmd) refers to main.o(.bss) for hi2c1
    main.o(i.lcd_send_data) refers to stm32l4xx_hal_i2c.o(i.HAL_I2C_Master_Transmit) for HAL_I2C_Master_Transmit
    main.o(i.lcd_send_data) refers to main.o(.bss) for hi2c1
    main.o(i.lcd_send_string) refers to main.o(i.lcd_send_data) for lcd_send_data
    main.o(i.main) refers to stm32l4xx_hal.o(i.HAL_Init) for HAL_Init
    main.o(i.main) refers to main.o(i.SystemClock_Config) for SystemClock_Config
    main.o(i.main) refers to main.o(i.MX_GPIO_Init) for MX_GPIO_Init
    main.o(i.main) refers to main.o(i.MX_ADC1_Init) for MX_ADC1_Init
    main.o(i.main) refers to main.o(i.MX_I2C1_Init) for MX_I2C1_Init
    main.o(i.main) refers to main.o(i.lcd_init) for lcd_init
    main.o(i.main) refers to stm32l4xx_hal_adc.o(i.HAL_ADC_Start) for HAL_ADC_Start
    main.o(i.main) refers to stm32l4xx_hal_adc.o(i.HAL_ADC_PollForConversion) for HAL_ADC_PollForConversion
    main.o(i.main) refers to stm32l4xx_hal_adc.o(i.HAL_ADC_GetValue) for HAL_ADC_GetValue
    main.o(i.main) refers to dflt_clz.o(x$fpl$dfltu) for __aeabi_ui2d
    main.o(i.main) refers to dmul.o(x$fpl$dmul) for __aeabi_dmul
    main.o(i.main) refers to ddiv.o(x$fpl$ddiv) for __aeabi_ddiv
    main.o(i.main) refers to d2f.o(x$fpl$d2f) for __aeabi_d2f
    main.o(i.main) refers to main.o(i.lcd_put_cur) for lcd_put_cur
    main.o(i.main) refers to main.o(i.lcd_send_string) for lcd_send_string
    main.o(i.main) refers to stm32l4xx_hal.o(i.HAL_Delay) for HAL_Delay
    main.o(i.main) refers to main.o(i.ftoa) for ftoa
    main.o(i.main) refers to main.o(i.lcd_clear) for lcd_clear
    main.o(i.main) refers to main.o(.bss) for hadc1
    main.o(i.main) refers to main.o(.data) for adcval
    stm32l4xx_it.o(i.SysTick_Handler) refers to stm32l4xx_hal.o(i.HAL_IncTick) for HAL_IncTick
    led_nucleo-l476rg.o(i.LED_Off) refers to led_nucleo-l476rg.o(.constdata) for led_mask
[...]
    C:\\Users\\harry\\AppData\\Local\\Arm\\Packs\\Keil\\STM32L4xx_DFP\\2.6.1\\Drivers\\STM32L4xx_HAL_Driver\\Src\\stm32l4xx_hal_sd_ex.c 0x00000000   Number         0  stm32l4xx_hal_sd_ex.o ABSOLUTE
    C:\\Users\\harry\\AppData\\Local\\Arm\\Packs\\Keil\\STM32L4xx_DFP\\2.6.1\\Drivers\\STM32L4xx_HAL_Driver\\Src\\stm32l4xx_hal_smartcard.c 0x00000000   Number         0  stm32l4xx_hal_smartcard.o ABSOLUTE
    C:\\Users\\harry\\AppData\\Local\\Arm\\Packs\\Keil\\STM32L4xx_DFP\\2.6.1\\Drivers\\STM32L4xx_HAL_Driver\\Src\\stm32l4xx_hal_smartcard_ex.c 0x00000000   Number         0  stm32l4xx_hal_smartcard_ex.o ABSOLUTE
    C:\\Users\\harry\\AppData\\Local\\Arm\\Packs\\Keil\\STM32L4xx_DFP\\2.6.1\\Drivers\\STM32L4xx_HAL_Driver\\Src\\stm32l4xx_hal_smbus.c 0x00000000   Number         0  stm32l4xx_hal_smbus.o ABSOLUTE
    C:\\Users\\harry\\AppData\\Local\\Arm\\Packs\\Keil\\STM32L4xx_DFP\\2.6.1\\Drivers\\STM32L4xx_HAL_Driver\\Src\\stm32l4xx_hal_smbus_ex.c 0x00000000   Number         0  stm32l4xx_hal_smbus_ex.o ABSOLUTE
    C:\\Users\\harry\\AppData\\Local\\Arm\\Packs\\Keil\\STM32L4xx_DFP\\2.6.1\\Drivers\\STM32L4xx_HAL_Driver\\Src\\stm32l4xx_hal_spi.c 0x00000000   Number         0  stm32l4xx_hal_spi.o ABSOLUTE
    C:\\Users\\harry\\AppData\\Local\\Arm\\Packs\\Keil\\STM32L4xx_DFP\\2.6.1\\Drivers\\STM32L4xx_HAL_Driver\\Src\\stm32l4xx_hal_spi_ex.c 0x00000000   Number         0  stm32l4xx_hal_spi_ex.o ABSOLUTE
    C:\\Users\\harry\\AppData\\Local\\Arm\\Packs\\Keil\\STM32L4xx_DFP\\2.6.1\\Drivers\\STM32L4xx_HAL_Driver\\Src\\stm32l4xx_hal_sram.c 0x00000000   Number         0  stm32l4xx_hal_sram.o ABSOLUTE
    C:\\Users\\harry\\AppData\\Local\\Arm\\Packs\\Keil\\STM32L4xx_DFP\\2.6.1\\Drivers\\STM32L4xx_HAL_Driver\\Src\\stm32l4xx_hal_swpmi.c 0x00000000   Number         0  stm32l4xx_hal_swpmi.o ABSOLUTE
    C:\\Users\\harry\\AppData\\Local\\Arm\\Packs\\Keil\\STM32L4xx_DFP\\2.6.1\\Drivers\\STM32L4xx_HAL_Driver\\Src\\stm32l4xx_hal_tim.c 0x00000000   Number         0  stm32l4xx_hal_tim.o ABSOLUTE
    C:\\Users\\harry\\AppData\\Local\\Arm\\Packs\\Keil\\STM32L4xx_DFP\\2.6.1\\Drivers\\STM32L4xx_HAL_Driver\\Src\\stm32l4xx_hal_tim_ex.c 0x00000000   Number         0  stm32l4xx_hal_tim_ex.o ABSOLUTE
    C:\\Users\\harry\\AppData\\Local\\Arm\\Packs\\Keil\\STM32L4xx_DFP\\2.6.1\\Drivers\\STM32L4xx_HAL_Driver\\Src\\stm32l4xx_hal_tsc.c 0x00000000   Number         0  stm32l4xx_hal_tsc.o ABSOLUTE
    C:\\Users\\harry\\AppData\\Local\\Arm\\Packs\\Keil\\STM32L4xx_DFP\\2.6.1\\Drivers\\STM32L4xx_HAL_Driver\\Src\\stm32l4xx_hal_uart.c 0x00000000   Number         0  stm32l4xx_hal_uart.o ABSOLUTE
    C:\\Users\\harry\\AppData\\Local\\Arm\\Packs\\Keil\\STM32L4xx_DFP\\2.6.1\\Drivers\\STM32L4xx_HAL_Driver\\Src\\stm32l4xx_hal_uart_ex.c 0x00000000   Number         0  stm32l4xx_hal_uart_ex.o ABSOLUTE
    C:\\Users\\harry\\AppData\\Local\\Arm\\Packs\\Keil\\STM32L4xx_DFP\\2.6.1\\Drivers\\STM32L4xx_HAL_Driver\\Src\\stm32l4xx_hal_usart.c 0x00000000   Number         0  stm32l4xx_hal_usart.o ABSOLUTE
    C:\\Users\\harry\\AppData\\Local\\Arm\\Packs\\Keil\\STM32L4xx_DFP\\2.6.1\\Drivers\\STM32L4xx_HAL_Driver\\Src\\stm32l4xx_hal_usart_ex.c 0x00000000   Number         0  stm32l4xx_hal_usart_ex.o ABSOLUTE
    C:\\Users\\harry\\AppData\\Local\\Arm\\Packs\\Keil\\STM32L4xx_DFP\\2.6.1\\Drivers\\STM32L4xx_HAL_Driver\\Src\\stm32l4xx_hal_wwdg.c 0x00000000   Number         0  stm32l4xx_hal_wwdg.o ABSOLUTE
    C:\\Users\\harry\\AppData\\Local\\Arm\\Packs\\Keil\\STM32L4xx_DFP\\2.6.1\\Drivers\\STM32L4xx_HAL_Driver\\Src\\stm32l4xx_ll_fmc.c 0x00000000   Number         0  stm32l4xx_ll_fmc.o ABSOLUTE
    C:\\Users\\harry\\AppData\\Local\\Arm\\Packs\\Keil\\STM32L4xx_DFP\\2.6.1\\Drivers\\STM32L4xx_HAL_Driver\\Src\\stm32l4xx_ll_sdmmc.c 0x00000000   Number         0  stm32l4xx_ll_sdmmc.o ABSOLUTE
    C:\\Users\\harry\\AppData\\Local\\Arm\\Packs\\Keil\\STM32L4xx_DFP\\2.6.1\\Drivers\\STM32L4xx_HAL_Driver\\Src\\stm32l4xx_ll_usb.c 0x00000000   Number         0  stm32l4xx_ll_usb.o ABSOLUTE
    C:\\Users\\harry\\AppData\\Local\\Arm\\Packs\\Keil\\STM32NUCLEO_BSP\\1.8.0\\Boards\\ST\\NUCLEO-L476RG\\Common\\Buttons_NUCLEO-L476RG.c 0x00000000   Number         0  buttons_nucleo-l476rg.o ABSOLUTE
    C:\\Users\\harry\\AppData\\Local\\Arm\\Packs\\Keil\\STM32NUCLEO_BSP\\1.8.0\\Boards\\ST\\NUCLEO-L476RG\\Common\\LED_NUCLEO-L476RG.c 0x00000000   Number         0  led_nucleo-l476rg.o ABSOLUTE
    C:\\Users\\harry\\Documents\\Analog_TemperatureSensor_Test\\RTE\\Device\\STM32L476RGTx\\STCubeGenerated\\Src\\stm32l4xx_hal_msp.c 0x00000000   Number         0  stm32l4xx_hal_msp.o ABSOLUTE
    RTE\Device\STM32L476RGTx\STCubeGenerated\Src\main.c 0x00000000   Number         0  main.o ABSOLUTE
    RTE\Device\STM32L476RGTx\STCubeGenerated\Src\stm32l4xx_it.c 0x00000000   Number         0  stm32l4xx_it.o ABSOLUTE
    RTE\Device\STM32L476RGTx\startup_stm32l476xx.s 0x00000000   Number         0  startup_stm32l476xx.o ABSOLUTE
    RTE\Device\STM32L476RGTx\system_stm32l4xx.c 0x00000000   Number         0  system_stm32l4xx.o ABSOLUTE
    RTE\\Device\\STM32L476RGTx\\STCubeGenerated\\Src\\main.c 0x00000000   Number         0  main.o ABSOLUTE
    RTE\\Device\\STM32L476RGTx\\STCubeGenerated\\Src\\stm32l4xx_it.c 0x00000000   Number         0  stm32l4xx_it.o ABSOLUTE
    RTE\\Device\\STM32L476RGTx\\system_stm32l4xx.c 0x00000000   Number         0  system_stm32l4xx.o ABSOLUTE
    dc.s                                     0x00000000   Number         0  dc.o ABSOLUTE
    RESET                                    0x08000000   Section      392  startup_stm32l476xx.o(RESET)
    !!!main                                  0x08000188   Section        8  __main.o(!!!main)
    !!!scatter                               0x08000190   Section       52  __scatter.o(!!!scatter)
    !!handler_copy                           0x080001c4   Section       26  __scatter_copy.o(!!handler_copy)
    !!handler_zi                             0x080001e0   Section       28  __scatter_zi.o(!!handler_zi)
    .ARM.Collect$$libinit$$00000000          0x080001fc   Section        2  libinit.o(.ARM.Collect$$libinit$$00000000)
    .ARM.Collect$$libinit$$00000001          0x080001fe   Section        4  libinit2.o(.ARM.Collect$$libinit$$00000001)
    .ARM.Collect$$libinit$$00000004          0x08000202   Section        0  libinit2.o(.ARM.Collect$$libinit$$00000004)
    .ARM.Collect$$libinit$$0000000A          0x08000202   Section        0  libinit2.o(.ARM.Collect$$libinit$$0000000A)
    .ARM.Collect$$libinit$$0000000C          0x08000202   Section        0  libinit2.o(.ARM.Collect$$libinit$$0000000C)
    .ARM.Collect$$libinit$$0000000E          0x08000202   Section        0  libinit2.o(.ARM.Collect$$libinit$$0000000E)
    .ARM.Collect$$libinit$$00000011          0x08000202   Section        0  libinit2.o(.ARM.Collect$$libinit$$00000011)
    .ARM.Collect$$libinit$$00000013          0x08000202   Section        0  libinit2.o(.ARM.Collect$$libinit$$00000013)
    .ARM.Collect$$libinit$$00000015          0x08000202   Section        0  libinit2.o(.ARM.Collect$$libinit$$00000015)
    .ARM.Collect$$libinit$$00000017          0x08000202   Section        0  libinit2.o(.ARM.Collect$$libinit$$00000017)
    .ARM.Collect$$libinit$$00000019          0x08000202   Section        0  libinit2.o(.ARM.Collect$$libinit$$00000019)
    .ARM.Collect$$libinit$$0000001B          0x08000202   Section        0  libinit2.o(.ARM.Collect$$libinit$$0000001B)
    .ARM.Collect$$libinit$$0000001D          0x08000202   Section        0  libinit2.o(.ARM.Collect$$libinit$$0000001D)
    .ARM.Collect$$libinit$$0000001F          0x08000202   Section        0  libinit2.o(.ARM.Collect$$libinit$$0000001F)
    .ARM.Collect$$libinit$$00000021          0x08000202   Section        0  libinit2.o(.ARM.Collect$$libinit$$00000021)
    .ARM.Collect$$libinit$$00000023          0x08000202   Section        0  libinit2.o(.ARM.Collect$$libinit$$00000023)
    .ARM.Collect$$libinit$$00000025          0x08000202   Section        0  libinit2.o(.ARM.Collect$$libinit$$00000025)
    .ARM.Collect$$libinit$$0000002C          0x08000202   Section        0  libinit2.o(.ARM.Collect$$libinit$$0000002C)
    .ARM.Collect$$libinit$$0000002E          0x08000202   Section        0  libinit2.o(.ARM.Collect$$libinit$$0000002E)
    .ARM.Collect$$libinit$$00000030          0x08000202   Section        0  libinit2.o(.ARM.Collect$$libinit$$00000030)
    .ARM.Collect$$libinit$$00000032          0x08000202   Section        0  libinit2.o(.ARM.Collect$$libinit$$00000032)
    .ARM.Collect$$libinit$$00000033          0x08000202   Section        2  libinit2.o(.ARM.Collect$$libinit$$00000033)
    .ARM.Collect$$libshutdown$$00000000      0x08000204   Section        2  libshutdown.o(.ARM.Collect$$libshutdown$$00000000)
    .ARM.Collect$$libshutdown$$00000002      0x08000206   Section        0  libshutdown2.o(.ARM.Collect$$libshutdown$$00000002)
    .ARM.Collect$$libshutdown$$00000004      0x08000206   Section        0  libshutdown2.o(.ARM.Collect$$libshutdown$$00000004)
    .ARM.Collect$$libshutdown$$00000006      0x08000206   Section        0  libshutdown2.o(.ARM.Collect$$libshutdown$$00000006)
    .ARM.Collect$$libshutdown$$00000009      0x08000206   Section        0  libshutdown2.o(.ARM.Collect$$libshutdown$$00000009)
    .ARM.Collect$$libshutdown$$0000000C      0x08000206   Section        0  libshutdown2.o(.ARM.Collect$$libshutdown$$0000000C)
    .ARM.Collect$$libshutdown$$0000000E      0x08000206   Section        0  libshutdown2.o(.ARM.Collect$$libshutdown$$0000000E)
    .ARM.Collect$$libshutdown$$00000011      0x08000206   Section        0  libshutdown2.o(.ARM.Collect$$libshutdown$$00000011)
    .ARM.Collect$$libshutdown$$00000012      0x08000206   Section        2  libshutdown2.o(.ARM.Collect$$libshutdown$$00000012)
    .ARM.Collect$$rtentry$$00000000          0x08000208   Section        0  __rtentry.o(.ARM.Collect$$rtentry$$00000000)
    .ARM.Collect$$rtentry$$00000002          0x08000208   Section        0  __rtentry2.o(.ARM.Collect$$rtentry$$00000002)
    .ARM.Collect$$rtentry$$00000004          0x08000208   Section        6  __rtentry4.o(.ARM.Collect$$rtentry$$00000004)
    .ARM.Collect$$rtentry$$00000009          0x0800020e   Section        0  __rtentry2.o(.ARM.Collect$$rtentry$$00000009)
    .ARM.Collect$$rtentry$$0000000A          0x0800020e   Section        4  __rtentry2.o(.ARM.Collect$$rtentry$$0000000A)
    .ARM.Collect$$rtentry$$0000000C          0x08000212   Section        0  __rtentry2.o(.ARM.Collect$$rtentry$$0000000C)
    .ARM.Collect$$rtentry$$0000000D          0x08000212   Section        8  __rtentry2.o(.ARM.Collect$$rtentry$$0000000D)
    .ARM.Collect$$rtexit$$00000000           0x0800021a   Section        2  rtexit.o(.ARM.Collect$$rtexit$$00000000)
    .ARM.Collect$$rtexit$$00000002           0x0800021c   Section        0  rtexit2.o(.ARM.Collect$$rtexit$$00000002)
    .ARM.Collect$$rtexit$$00000003           0x0800021c   Section        4  rtexit2.o(.ARM.Collect$$rtexit$$00000003)
    .ARM.Collect$$rtexit$$00000004           0x08000220   Section        6  rtexit2.o(.ARM.Collect$$rtexit$$00000004)
    .text                                    0x08000228   Section       64  startup_stm32l476xx.o(.text)
    $v0                                      0x08000228   Number         0  startup_stm32l476xx.o(.text)
    .text                                    0x08000268   Section       78  rt_memclr_w.o(.text)
    .text                                    0x080002b6   Section        0  heapauxi.o(.text)
    .text                                    0x080002bc   Section        0  _rserrno.o(.text)
    .text                                    0x080002d4   Section        8  rt_errno_addr_intlibspace.o(.text)
    .text                                    0x080002dc   Section        8  libspace.o(.text)
    .text                                    0x080002e4   Section       74  sys_stackheap_outer.o(.text)
    .text                                    0x0800032e   Section        0  exit.o(.text)
    .text                                    0x08000340   Section        0  sys_exit.o(.text)
    .text                                    0x0800034c   Section        2  use_no_semi.o(.text)
    .text                                    0x0800034e   Section        0  indicate_semi.o(.text)
    i.ADC_Enable                             0x08000350   Section        0  stm32l4xx_hal_adc.o(i.ADC_Enable)
    i.BusFault_Handler                       0x080003d4   Section        0  stm32l4xx_it.o(i.BusFault_Handler)
    i.DebugMon_Handler                       0x080003d8   Section        0  stm32l4xx_it.o(i.DebugMon_Handler)
    i.Error_Handler                          0x080003da   Section        0  main.o(i.Error_Handler)
    i.HAL_ADCEx_MultiModeConfigChannel       0x080003dc   Section        0  stm32l4xx_hal_adc_ex.o(i.HAL_ADCEx_MultiModeConfigChannel)
    i.HAL_ADC_ConfigChannel                  0x08000504   Section        0  stm32l4xx_hal_adc.o(i.HAL_ADC_ConfigChannel)
    i.HAL_ADC_GetValue                       0x080009ee   Section        0  stm32l4xx_hal_adc.o(i.HAL_ADC_GetValue)
    i.HAL_ADC_Init                           0x080009f8   Section        0  stm32l4xx_hal_adc.o(i.HAL_ADC_Init)
    i.HAL_ADC_MspInit                        0x08000c20   Section        0  stm32l4xx_hal_msp.o(i.HAL_ADC_MspInit)
    i.HAL_ADC_PollForConversion              0x08000c90   Section        0  stm32l4xx_hal_adc.o(i.HAL_ADC_PollForConversion)
    i.HAL_ADC_Start                          0x08000dc8   Section        0  stm32l4xx_hal_adc.o(i.HAL_ADC_Start)
    i.HAL_Delay                              0x08000ee4   Section        0  stm32l4xx_hal.o(i.HAL_Delay)
    i.HAL_GPIO_Init                          0x08000f0c   Section        0  stm32l4xx_hal_gpio.o(i.HAL_GPIO_Init)
    i.HAL_GPIO_WritePin                      0x08001110   Section        0  stm32l4xx_hal_gpio.o(i.HAL_GPIO_WritePin)
    i.HAL_GetTick                            0x0800111c   Section        0  stm32l4xx_hal.o(i.HAL_GetTick)
    i.HAL_I2CEx_ConfigAnalogFilter           0x08001128   Section        0  stm32l4xx_hal_i2c_ex.o(i.HAL_I2CEx_ConfigAnalogFilter)
    i.HAL_I2CEx_ConfigDigitalFilter          0x08001192   Section        0  stm32l4xx_hal_i2c_ex.o(i.HAL_I2CEx_ConfigDigitalFilter)
    i.HAL_I2C_Init                           0x080011fc   Section        0  stm32l4xx_hal_i2c.o(i.HAL_I2C_Init)
    i.HAL_I2C_Master_Transmit                0x080012c0   Section        0  stm32l4xx_hal_i2c.o(i.HAL_I2C_Master_Transmit)
    i.HAL_I2C_MspInit                        0x08001420   Section        0  stm32l4xx_hal_msp.o(i.HAL_I2C_MspInit)
    i.HAL_IncTick                            0x0800149c   Section        0  stm32l4xx_hal.o(i.HAL_IncTick)
    i.HAL_Init                               0x080014b4   Section        0  stm32l4xx_hal.o(i.HAL_Init)
    i.HAL_InitTick                           0x080014d4   Section        0  stm32l4xx_hal.o(i.HAL_InitTick)
    i.HAL_MspInit                            0x0800152c   Section        0  stm32l4xx_hal_msp.o(i.HAL_MspInit)
    i.HAL_NVIC_SetPriority                   0x0800156c   Section        0  stm32l4xx_hal_cortex.o(i.HAL_NVIC_SetPriority)
    i.HAL_NVIC_SetPriorityGrouping           0x080015f0   Section        0  stm32l4xx_hal_cortex.o(i.HAL_NVIC_SetPriorityGrouping)
    i.HAL_PWREx_ControlVoltageScaling        0x08001618   Section        0  stm32l4xx_hal_pwr_ex.o(i.HAL_PWREx_ControlVoltageScaling)
    i.HAL_PWREx_GetVoltageRange              0x080016a4   Section        0  stm32l4xx_hal_pwr_ex.o(i.HAL_PWREx_GetVoltageRange)
    i.HAL_RCCEx_PeriphCLKConfig              0x080016b4   Section        0  stm32l4xx_hal_rcc_ex.o(i.HAL_RCCEx_PeriphCLKConfig)
    i.HAL_RCC_ClockConfig                    0x08001b88   Section        0  stm32l4xx_hal_rcc.o(i.HAL_RCC_ClockConfig)
    i.HAL_RCC_GetSysClockFreq                0x08001d04   Section        0  stm32l4xx_hal_rcc.o(i.HAL_RCC_GetSysClockFreq)
    i.HAL_RCC_OscConfig                      0x08001df0   Section        0  stm32l4xx_hal_rcc.o(i.HAL_RCC_OscConfig)
    i.HAL_SYSTICK_Config                     0x080024ec   Section        0  stm32l4xx_hal_cortex.o(i.HAL_SYSTICK_Config)
    i.HardFault_Handler                      0x08002520   Section        0  stm32l4xx_it.o(i.HardFault_Handler)
    i.I2C_Flush_TXDR                         0x08002524   Section        0  stm32l4xx_hal_i2c.o(i.I2C_Flush_TXDR)
    I2C_Flush_TXDR                           0x08002525   Thumb Code    40  stm32l4xx_hal_i2c.o(i.I2C_Flush_TXDR)
    i.I2C_IsAcknowledgeFailed                0x0800254c   Section        0  stm32l4xx_hal_i2c.o(i.I2C_IsAcknowledgeFailed)
    I2C_IsAcknowledgeFailed                  0x0800254d   Thumb Code   148  stm32l4xx_hal_i2c.o(i.I2C_IsAcknowledgeFailed)
    i.I2C_TransferConfig                     0x080025e4   Section        0  stm32l4xx_hal_i2c.o(i.I2C_TransferConfig)
    I2C_TransferConfig                       0x080025e5   Thumb Code    52  stm32l4xx_hal_i2c.o(i.I2C_TransferConfig)
    i.I2C_WaitOnFlagUntilTimeout             0x08002618   Section        0  stm32l4xx_hal_i2c.o(i.I2C_WaitOnFlagUntilTimeout)
    I2C_WaitOnFlagUntilTimeout               0x08002619   Thumb Code    94  stm32l4xx_hal_i2c.o(i.I2C_WaitOnFlagUntilTimeout)
    i.I2C_WaitOnSTOPFlagUntilTimeout         0x08002676   Section        0  stm32l4xx_hal_i2c.o(i.I2C_WaitOnSTOPFlagUntilTimeout)
    I2C_WaitOnSTOPFlagUntilTimeout           0x08002677   Thumb Code    86  stm32l4xx_hal_i2c.o(i.I2C_WaitOnSTOPFlagUntilTimeout)
    i.I2C_WaitOnTXISFlagUntilTimeout         0x080026cc   Section        0  stm32l4xx_hal_i2c.o(i.I2C_WaitOnTXISFlagUntilTimeout)
    I2C_WaitOnTXISFlagUntilTimeout           0x080026cd   Thumb Code    90  stm32l4xx_hal_i2c.o(i.I2C_WaitOnTXISFlagUntilTimeout)
    i.LL_ADC_Enable                          0x08002728   Section        0  stm32l4xx_hal_adc.o(i.LL_ADC_Enable)
    LL_ADC_Enable                            0x08002729   Thumb Code    12  stm32l4xx_hal_adc.o(i.LL_ADC_Enable)
    i.LL_ADC_GetMultimode                    0x08002738   Section        0  stm32l4xx_hal_adc.o(i.LL_ADC_GetMultimode)
    LL_ADC_GetMultimode                      0x08002739   Thumb Code    10  stm32l4xx_hal_adc.o(i.LL_ADC_GetMultimode)
    i.LL_ADC_GetOffsetChannel                0x08002742   Section        0  stm32l4xx_hal_adc.o(i.LL_ADC_GetOffsetChannel)
    LL_ADC_GetOffsetChannel                  0x08002743   Thumb Code    18  stm32l4xx_hal_adc.o(i.LL_ADC_GetOffsetChannel)
    i.LL_ADC_INJ_IsConversionOngoing         0x08002754   Section        0  stm32l4xx_hal_adc.o(i.LL_ADC_INJ_IsConversionOngoing)
    LL_ADC_INJ_IsConversionOngoing           0x08002755   Thumb Code    10  stm32l4xx_hal_adc.o(i.LL_ADC_INJ_IsConversionOngoing)
    i.LL_ADC_IsEnabled                       0x0800275e   Section        0  stm32l4xx_hal_adc.o(i.LL_ADC_IsEnabled)
    LL_ADC_IsEnabled                         0x0800275f   Thumb Code    10  stm32l4xx_hal_adc.o(i.LL_ADC_IsEnabled)
    i.LL_ADC_IsEnabled                       0x08002768   Section        0  stm32l4xx_hal_adc_ex.o(i.LL_ADC_IsEnabled)
    LL_ADC_IsEnabled                         0x08002769   Thumb Code    10  stm32l4xx_hal_adc_ex.o(i.LL_ADC_IsEnabled)
    i.LL_ADC_IsInternalRegulatorEnabled      0x08002772   Section        0  stm32l4xx_hal_adc.o(i.LL_ADC_IsInternalRegulatorEnabled)
    LL_ADC_IsInternalRegulatorEnabled        0x08002773   Thumb Code    10  stm32l4xx_hal_adc.o(i.LL_ADC_IsInternalRegulatorEnabled)
    i.LL_ADC_REG_IsConversionOngoing         0x0800277c   Section        0  stm32l4xx_hal_adc.o(i.LL_ADC_REG_IsConversionOngoing)
    LL_ADC_REG_IsConversionOngoing           0x0800277d   Thumb Code    10  stm32l4xx_hal_adc.o(i.LL_ADC_REG_IsConversionOngoing)
    i.LL_ADC_REG_IsConversionOngoing         0x08002786   Section        0  stm32l4xx_hal_adc_ex.o(i.LL_ADC_REG_IsConversionOngoing)
    LL_ADC_REG_IsConversionOngoing           0x08002787   Thumb Code    10  stm32l4xx_hal_adc_ex.o(i.LL_ADC_REG_IsConversionOngoing)
    i.LL_ADC_REG_IsTriggerSourceSWStart      0x08002790   Section        0  stm32l4xx_hal_adc.o(i.LL_ADC_REG_IsTriggerSourceSWStart)
    LL_ADC_REG_IsTriggerSourceSWStart        0x08002791   Thumb Code    18  stm32l4xx_hal_adc.o(i.LL_ADC_REG_IsTriggerSourceSWStart)
    i.LL_ADC_REG_StartConversion             0x080027a4   Section        0  stm32l4xx_hal_adc.o(i.LL_ADC_REG_StartConversion)
    LL_ADC_REG_StartConversion               0x080027a5   Thumb Code    12  stm32l4xx_hal_adc.o(i.LL_ADC_REG_StartConversion)
    i.LL_ADC_SetChannelSamplingTime          0x080027b4   Section        0  stm32l4xx_hal_adc.o(i.LL_ADC_SetChannelSamplingTime)
    LL_ADC_SetChannelSamplingTime            0x080027b5   Thumb Code    40  stm32l4xx_hal_adc.o(i.LL_ADC_SetChannelSamplingTime)
    i.LL_ADC_SetCommonPathInternalCh         0x080027dc   Section        0  stm32l4xx_hal_adc.o(i.LL_ADC_SetCommonPathInternalCh)
    LL_ADC_SetCommonPathInternalCh           0x080027dd   Thumb Code    12  stm32l4xx_hal_adc.o(i.LL_ADC_SetCommonPathInternalCh)
    i.LL_ADC_SetOffsetState                  0x080027e8   Section        0  stm32l4xx_hal_adc.o(i.LL_ADC_SetOffsetState)
    LL_ADC_SetOffsetState                    0x080027e9   Thumb Code    22  stm32l4xx_hal_adc.o(i.LL_ADC_SetOffsetState)
    i.MX_ADC1_Init                           0x08002800   Section        0  main.o(i.MX_ADC1_Init)
    MX_ADC1_Init                             0x08002801   Thumb Code   150  main.o(i.MX_ADC1_Init)
    i.MX_GPIO_Init                           0x080028a4   Section        0  main.o(i.MX_GPIO_Init)
    MX_GPIO_Init                             0x080028a5   Thumb Code   134  main.o(i.MX_GPIO_Init)
    i.MX_I2C1_Init                           0x08002930   Section        0  main.o(i.MX_I2C1_Init)
    MX_I2C1_Init                             0x08002931   Thumb Code    76  main.o(i.MX_I2C1_Init)
    i.MemManage_Handler                      0x08002984   Section        0  stm32l4xx_it.o(i.MemManage_Handler)
    i.NMI_Handler                            0x08002988   Section        0  stm32l4xx_it.o(i.NMI_Handler)
    i.PendSV_Handler                         0x0800298a   Section        0  stm32l4xx_it.o(i.PendSV_Handler)
    i.RCCEx_PLLSAI1_Config                   0x0800298c   Section        0  stm32l4xx_hal_rcc_ex.o(i.RCCEx_PLLSAI1_Config)
    RCCEx_PLLSAI1_Config                     0x0800298d   Thumb Code   378  stm32l4xx_hal_rcc_ex.o(i.RCCEx_PLLSAI1_Config)
    i.RCCEx_PLLSAI2_Config                   0x08002b18   Section        0  stm32l4xx_hal_rcc_ex.o(i.RCCEx_PLLSAI2_Config)
    RCCEx_PLLSAI2_Config                     0x08002b19   Thumb Code   342  stm32l4xx_hal_rcc_ex.o(i.RCCEx_PLLSAI2_Config)
    i.RCC_SetFlashLatencyFromMSIRange        0x08002c7c   Section        0  stm32l4xx_hal_rcc.o(i.RCC_SetFlashLatencyFromMSIRange)
    RCC_SetFlashLatencyFromMSIRange          0x08002c7d   Thumb Code   148  stm32l4xx_hal_rcc.o(i.RCC_SetFlashLatencyFromMSIRange)
    i.SVC_Handler                            0x08002d18   Section        0  stm32l4xx_it.o(i.SVC_Handler)
    i.SysTick_Handler                        0x08002d1a   Section        0  stm32l4xx_it.o(i.SysTick_Handler)
    i.SystemClock_Config                     0x08002d22   Section        0  main.o(i.SystemClock_Config)
    i.SystemInit                             0x08002dc4   Section        0  system_stm32l4xx.o(i.SystemInit)
    i.UsageFault_Handler                     0x08002e14   Section        0  stm32l4xx_it.o(i.UsageFault_Handler)
    i.__ARM_fpclassify                       0x08002e18   Section        0  fpclassify.o(i.__ARM_fpclassify)
    i.__NVIC_GetPriorityGrouping             0x08002e48   Section        0  stm32l4xx_hal_cortex.o(i.__NVIC_GetPriorityGrouping)
    __NVIC_GetPriorityGrouping               0x08002e49   Thumb Code    10  stm32l4xx_hal_cortex.o(i.__NVIC_GetPriorityGrouping)
    i.__NVIC_SetPriority                     0x08002e58   Section        0  stm32l4xx_hal_cortex.o(i.__NVIC_SetPriority)
    __NVIC_SetPriority                       0x08002e59   Thumb Code    32  stm32l4xx_hal_cortex.o(i.__NVIC_SetPriority)
    i.__hardfp_pow                           0x08002e80   Section        0  pow.o(i.__hardfp_pow)
    i.__kernel_poly                          0x08003b00   Section        0  poly.o(i.__kernel_poly)
    i.__mathlib_dbl_divzero                  0x08003bf8   Section        0  dunder.o(i.__mathlib_dbl_divzero)
    i.__mathlib_dbl_infnan2                  0x08003c28   Section        0  dunder.o(i.__mathlib_dbl_infnan2)
    i.__mathlib_dbl_invalid                  0x08003c40   Section        0  dunder.o(i.__mathlib_dbl_invalid)
    i.__mathlib_dbl_overflow                 0x08003c60   Section        0  dunder.o(i.__mathlib_dbl_overflow)
    i.__mathlib_dbl_underflow                0x08003c80   Section        0  dunder.o(i.__mathlib_dbl_underflow)
    i.fabs                                   0x08003ca0   Section        0  fabs.o(i.fabs)
    i.ftoa                                   0x08003cb8   Section        0  main.o(i.ftoa)
    i.intToStr                               0x08003d64   Section        0  main.o(i.intToStr)
    i.lcd_clear                              0x08003dac   Section        0  main.o(i.lcd_clear)
    i.lcd_init                               0x08003dc6   Section        0  main.o(i.lcd_init)
    i.lcd_put_cur                            0x08003e3c   Section        0  main.o(i.lcd_put_cur)
    i.lcd_send_cmd                           0x08003e60   Section        0  main.o(i.lcd_send_cmd)
    i.lcd_send_data                          0x08003ea4   Section        0  main.o(i.lcd_send_data)
    i.lcd_send_string                        0x08003ee8   Section        0  main.o(i.lcd_send_string)
    i.main                                   0x08003f00   Section        0  main.o(i.main)
    i.reverse                                0x08003fec   Section        0  main.o(i.reverse)
    i.sqrt                                   0x08004008   Section        0  sqrt.o(i.sqrt)
    x$fpl$basic                              0x08004076   Section       24  basic.o(x$fpl$basic)
    $v0                                      0x08004076   Number         0  basic.o(x$fpl$basic)
    x$fpl$d2f                                0x08004090   Section       98  d2f.o(x$fpl$d2f)
    $v0                                      0x08004090   Number         0  d2f.o(x$fpl$d2f)
    x$fpl$dadd                               0x080040f4   Section      336  daddsub_clz.o(x$fpl$dadd)
    $v0                                      0x080040f4   Number         0  daddsub_clz.o(x$fpl$dadd)
    _dadd1                                   0x08004105   Thumb Code     0  daddsub_clz.o(x$fpl$dadd)
    x$fpl$dcheck1                            0x08004244   Section       16  dcheck1.o(x$fpl$dcheck1)
    $v0                                      0x08004244   Number         0  dcheck1.o(x$fpl$dcheck1)
    x$fpl$dcmpinf                            0x08004254   Section       24  dcmpi.o(x$fpl$dcmpinf)
    $v0                                      0x08004254   Number         0  dcmpi.o(x$fpl$dcmpinf)
    x$fpl$ddiv                               0x0800426c   Section      688  ddiv.o(x$fpl$ddiv)
    $v0                                      0x0800426c   Number         0  ddiv.o(x$fpl$ddiv)
    ddiv_entry                               0x08004273   Thumb Code     0  ddiv.o(x$fpl$ddiv)
    x$fpl$dflt                               0x0800451c   Section       46  dflt_clz.o(x$fpl$dflt)
    $v0                                      0x0800451c   Number         0  dflt_clz.o(x$fpl$dflt)
    x$fpl$dfltu                              0x0800454a   Section       38  dflt_clz.o(x$fpl$dfltu)
    $v0                                      0x0800454a   Number         0  dflt_clz.o(x$fpl$dfltu)
    x$fpl$dleqf                              0x08004570   Section      120  dleqf.o(x$fpl$dleqf)
    $v0                                      0x08004570   Number         0  dleqf.o(x$fpl$dleqf)
    x$fpl$dmul                               0x080045e8   Section      340  dmul.o(x$fpl$dmul)
    $v0                                      0x080045e8   Number         0  dmul.o(x$fpl$dmul)
    x$fpl$dnaninf                            0x0800473c   Section      156  dnaninf.o(x$fpl$dnaninf)
    $v0                                      0x0800473c   Number         0  dnaninf.o(x$fpl$dnaninf)
    x$fpl$dretinf                            0x080047d8   Section       12  dretinf.o(x$fpl$dretinf)
    $v0                                      0x080047d8   Number         0  dretinf.o(x$fpl$dretinf)
    x$fpl$drleqf                             0x080047e4   Section      108  drleqf.o(x$fpl$drleqf)
    $v0                                      0x080047e4   Number         0  drleqf.o(x$fpl$drleqf)
    x$fpl$drsb                               0x08004850   Section       22  daddsub_clz.o(x$fpl$drsb)
    $v0                                      0x08004850   Number         0  daddsub_clz.o(x$fpl$drsb)
    x$fpl$dsqrt                              0x08004868   Section      408  dsqrt_umaal.o(x$fpl$dsqrt)
    $v0                                      0x08004868   Number         0  dsqrt_umaal.o(x$fpl$dsqrt)
    x$fpl$dsub                               0x08004a00   Section      468  daddsub_clz.o(x$fpl$dsub)
    $v0                                      0x08004a00   Number         0  daddsub_clz.o(x$fpl$dsub)
    _dsub1                                   0x08004a11   Thumb Code     0  daddsub_clz.o(x$fpl$dsub)
    x$fpl$f2d                                0x08004bd4   Section       86  f2d.o(x$fpl$f2d)
    $v0                                      0x08004bd4   Number         0  f2d.o(x$fpl$f2d)
    x$fpl$fnaninf                            0x08004c2a   Section      140  fnaninf.o(x$fpl$fnaninf)
    $v0                                      0x08004c2a   Number         0  fnaninf.o(x$fpl$fnaninf)
    x$fpl$fpinit                             0x08004cb6   Section       10  fpinit.o(x$fpl$fpinit)
    $v0                                      0x08004cb6   Number         0  fpinit.o(x$fpl$fpinit)
    x$fpl$fretinf                            0x08004cc0   Section       10  fretinf.o(x$fpl$fretinf)
    $v0                                      0x08004cc0   Number         0  fretinf.o(x$fpl$fretinf)
    x$fpl$retnan                             0x08004cca   Section      100  retnan.o(x$fpl$retnan)
    $v0                                      0x08004cca   Number         0  retnan.o(x$fpl$retnan)
    x$fpl$scalbn                             0x08004d2e   Section       92  scalbn.o(x$fpl$scalbn)
    $v0                                      0x08004d2e   Number         0  scalbn.o(x$fpl$scalbn)
    x$fpl$trapveneer                         0x08004d8a   Section       48  trapv.o(x$fpl$trapveneer)
    $v0                                      0x08004d8a   Number         0  trapv.o(x$fpl$trapveneer)
    x$fpl$usenofp                            0x08004dba   Section        0  usenofp.o(x$fpl$usenofp)
    .constdata                               0x08004dbc   Section       72  system_stm32l4xx.o(.constdata)
    .constdata                               0x08004e08   Section      136  pow.o(.constdata)
    bp                                       0x08004e08   Data          16  pow.o(.constdata)
    dp_h                                     0x08004e18   Data          16  pow.o(.constdata)
    dp_l                                     0x08004e28   Data          16  pow.o(.constdata)
    L                                        0x08004e38   Data          48  pow.o(.constdata)
    P                                        0x08004e68   Data          40  pow.o(.constdata)
    .constdata                               0x08004e90   Section        8  qnan.o(.constdata)
    .data                                    0x20000000   Section        8  main.o(.data)
    .data                                    0x20000008   Section        9  stm32l4xx_hal.o(.data)
    .data                                    0x20000014   Section        4  system_stm32l4xx.o(.data)
    .bss                                     0x20000018   Section      187  main.o(.bss)
    .bss                                     0x200000d4   Section       96  libspace.o(.bss)
    HEAP                                     0x20000138   Section      512  startup_stm32l476xx.o(HEAP)
    Heap_Mem                                 0x20000138   Data         512  startup_stm32l476xx.o(HEAP)
    STACK                                    0x20000338   Section     1024  startup_stm32l476xx.o(STACK)
    Stack_Mem                                0x20000338   Data        1024  startup_stm32l476xx.o(STACK)
    __initial_sp                             0x20000738   Data           0  startup_stm32l476xx.o(STACK)

    Global Symbols

    Symbol Name                              Value     Ov Type        Size  Object(Section)

    BuildAttributes$$THM_ISAv4$E$P$D$K$B$S$7EM$VFPi3$EXTD16$VFPS$VFMA$PE$A:L22UL41UL21$X:L11$S22US41US21$IEEE1$IW$USESV6$~STKCKD$USESV7$~SHL$OTIME$ROPI$IEEEX$EBA8$UX$STANDARDLIB$REQ8$PRES8$EABIv2 0x00000000   Number         0  anon$$obj.o ABSOLUTE
    __ARM_use_no_argv                        0x00000000   Number         0  main.o ABSOLUTE
    __ARM_exceptions_init                     - Undefined Weak Reference
    __alloca_initialize                       - Undefined Weak Reference
    __arm_fini_                               - Undefined Weak Reference
    __arm_preinit_                            - Undefined Weak Reference
    __cpp_initialize__aeabi_                  - Undefined Weak Reference
    __cxa_finalize                            - Undefined Weak Reference
    __rt_locale                               - Undefined Weak Reference
    __sigvec_lookup                           - Undefined Weak Reference
    _atexit_init                              - Undefined Weak Reference
    _call_atexit_fns                          - Undefined Weak Reference
    _clock_init                               - Undefined Weak Reference
    _fp_trap_init                             - Undefined Weak Reference
    _fp_trap_shutdown                         - Undefined Weak Reference
    _get_lc_collate                           - Undefined Weak Reference
    _get_lc_ctype                             - Undefined Weak Reference
    _get_lc_monetary                          - Undefined Weak Reference
    _get_lc_numeric                           - Undefined Weak Reference
    _get_lc_time                              - Undefined Weak Reference
    _getenv_init                              - Undefined Weak Reference
    _handle_redirection                       - Undefined Weak Reference
    _init_alloc                               - Undefined Weak Reference
    _init_user_alloc                          - Undefined Weak Reference
    _initio                                   - Undefined Weak Reference
    _rand_init                                - Undefined Weak Reference
    _signal_finish                            - Undefined Weak Reference
    _signal_init                              - Undefined Weak Reference
    _terminate_alloc                          - Undefined Weak Reference
    _terminate_user_alloc                     - Undefined Weak Reference
    _terminateio                              - Undefined Weak Reference
    __Vectors_Size                           0x00000188   Number         0  startup_stm32l476xx.o ABSOLUTE
    __Vectors                                0x08000000   Data           4  startup_stm32l476xx.o(RESET)
    __Vectors_End                            0x08000188   Data           0  startup_stm32l476xx.o(RESET)
    __main                                   0x08000189   Thumb Code     8  __main.o(!!!main)
    __scatterload                            0x08000191   Thumb Code     0  __scatter.o(!!!scatter)
    __scatterload_rt2                        0x08000191   Thumb Code    44  __scatter.o(!!!scatter)
    __scatterload_rt2_thumb_only             0x08000191   Thumb Code     0  __scatter.o(!!!scatter)
    __scatterload_null                       0x0800019f   Thumb Code     0  __scatter.o(!!!scatter)
    __scatterload_copy                       0x080001c5   Thumb Code    26  __scatter_copy.o(!!handler_copy)
    __scatterload_zeroinit                   0x080001e1   Thumb Code    28  __scatter_zi.o(!!handler_zi)
    __rt_lib_init                            0x080001fd   Thumb Code     0  libinit.o(.ARM.Collect$$libinit$$00000000)
    __rt_lib_init_fp_1                       0x080001ff   Thumb Code     0  libinit2.o(.ARM.Collect$$libinit$$00000001)
    __rt_lib_init_alloca_1                   0x08000203   Thumb Code     0  libinit2.o(.ARM.Collect$$libinit$$0000002E)
    __rt_lib_init_argv_1                     0x08000203   Thumb Code     0  libinit2.o(.ARM.Collect$$libinit$$0000002C)
    __rt_lib_init_atexit_1                   0x08000203   Thumb Code     0  libinit2.o(.ARM.Collect$$libinit$$0000001B)
    __rt_lib_init_clock_1                    0x08000203   Thumb Code     0  libinit2.o(.ARM.Collect$$libinit$$00000021)
    __rt_lib_init_cpp_1                      0x08000203   Thumb Code     0  libinit2.o(.ARM.Collect$$libinit$$00000032)
    __rt_lib_init_exceptions_1               0x08000203   Thumb Code     0  libinit2.o(.ARM.Collect$$libinit$$00000030)
    __rt_lib_init_fp_trap_1                  0x08000203   Thumb Code     0  libinit2.o(.ARM.Collect$$libinit$$0000001F)
    __rt_lib_init_getenv_1                   0x08000203   Thumb Code     0  libinit2.o(.ARM.Collect$$libinit$$00000023)
    __rt_lib_init_heap_1                     0x08000203   Thumb Code     0  libinit2.o(.ARM.Collect$$libinit$$0000000A)
    __rt_lib_init_lc_collate_1               0x08000203   Thumb Code     0  libinit2.o(.ARM.Collect$$libinit$$00000011)
    __rt_lib_init_lc_ctype_1                 0x08000203   Thumb Code     0  libinit2.o(.ARM.Collect$$libinit$$00000013)
    __rt_lib_init_lc_monetary_1              0x08000203   Thumb Code     0  libinit2.o(.ARM.Collect$$libinit$$00000015)
    __rt_lib_init_lc_numeric_1               0x08000203   Thumb Code     0  libinit2.o(.ARM.Collect$$libinit$$00000017)
    __rt_lib_init_lc_time_1                  0x08000203   Thumb Code     0  libinit2.o(.ARM.Collect$$libinit$$00000019)
    __rt_lib_init_preinit_1                  0x08000203   Thumb Code     0  libinit2.o(.ARM.Collect$$libinit$$00000004)
    __rt_lib_init_rand_1                     0x08000203   Thumb Code     0  libinit2.o(.ARM.Collect$$libinit$$0000000E)
    __rt_lib_init_return                     0x08000203   Thumb Code     0  libinit2.o(.ARM.Collect$$libinit$$00000033)
    __rt_lib_init_signal_1                   0x08000203   Thumb Code     0  libinit2.o(.ARM.Collect$$libinit$$0000001D)
    __rt_lib_init_stdio_1                    0x08000203   Thumb Code     0  libinit2.o(.ARM.Collect$$libinit$$00000025)
    __rt_lib_init_user_alloc_1               0x08000203   Thumb Code     0  libinit2.o(.ARM.Collect$$libinit$$0000000C)
    __rt_lib_shutdown                        0x08000205   Thumb Code     0  libshutdown.o(.ARM.Collect$$libshutdown$$00000000)
    __rt_lib_shutdown_cpp_1                  0x08000207   Thumb Code     0  libshutdown2.o(.ARM.Collect$$libshutdown$$00000004)
    __rt_lib_shutdown_fini_1                 0x08000207   Thumb Code     0  libshutdown2.o(.ARM.Collect$$libshutdown$$00000002)
    __rt_lib_shutdown_fp_trap_1              0x08000207   Thumb Code     0  libshutdown2.o(.ARM.Collect$$libshutdown$$00000009)
    __rt_lib_shutdown_heap_1                 0x08000207   Thumb Code     0  libshutdown2.o(.ARM.Collect$$libshutdown$$00000011)
    __rt_lib_shutdown_return                 0x08000207   Thumb Code     0  libshutdown2.o(.ARM.Collect$$libshutdown$$00000012)
    __rt_lib_shutdown_signal_1               0x08000207   Thumb Code     0  libshutdown2.o(.ARM.Collect$$libshutdown$$0000000C)
    __rt_lib_shutdown_stdio_1                0x08000207   Thumb Code     0  libshutdown2.o(.ARM.Collect$$libshutdown$$00000006)
    __rt_lib_shutdown_user_alloc_1           0x08000207   Thumb Code     0  libshutdown2.o(.ARM.Collect$$libshutdown$$0000000E)
    __rt_entry                               0x08000209   Thumb Code     0  __rtentry.o(.ARM.Collect$$rtentry$$00000000)
    __rt_entry_presh_1                       0x08000209   Thumb Code     0  __rtentry2.o(.ARM.Collect$$rtentry$$00000002)
    __rt_entry_sh                            0x08000209   Thumb Code     0  __rtentry4.o(.ARM.Collect$$rtentry$$00000004)
    __rt_entry_li                            0x0800020f   Thumb Code     0  __rtentry2.o(.ARM.Collect$$rtentry$$0000000A)
    __rt_entry_postsh_1                      0x0800020f   Thumb Code     0  __rtentry2.o(.ARM.Collect$$rtentry$$00000009)
    __rt_entry_main                          0x08000213   Thumb Code     0  __rtentry2.o(.ARM.Collect$$rtentry$$0000000D)
    __rt_entry_postli_1                      0x08000213   Thumb Code     0  __rtentry2.o(.ARM.Collect$$rtentry$$0000000C)
    __rt_exit                                0x0800021b   Thumb Code     0  rtexit.o(.ARM.Collect$$rtexit$$00000000)
    __rt_exit_ls                             0x0800021d   Thumb Code     0  rtexit2.o(.ARM.Collect$$rtexit$$00000003)
    __rt_exit_prels_1                        0x0800021d   Thumb Code     0  rtexit2.o(.ARM.Collect$$rtexit$$00000002)
    __rt_exit_exit                           0x08000221   Thumb Code     0  rtexit2.o(.ARM.Collect$$rtexit$$00000004)
    Reset_Handler                            0x08000229   Thumb Code     8  startup_stm32l476xx.o(.text)
    ADC1_2_IRQHandler                        0x08000243   Thumb Code     0  startup_stm32l476xx.o(.text)
    ADC3_IRQHandler                          0x08000243   Thumb Code     0  startup_stm32l476xx.o(.text)
    CAN1_RX0_IRQHandler                      0x08000243   Thumb Code     0  startup_stm32l476xx.o(.text)
    CAN1_RX1_IRQHandler                      0x08000243   Thumb Code     0  startup_stm32l476xx.o(.text)
    CAN1_SCE_IRQHandler                      0x08000243   Thumb Code     0  startup_stm32l476xx.o(.text)
    CAN1_TX_IRQHandler                       0x08000243   Thumb Code     0  startup_stm32l476xx.o(.text)
    COMP_IRQHandler                          0x08000243   Thumb Code     0  startup_stm32l476xx.o(.text)
    DFSDM1_FLT0_IRQHandler                   0x08000243   Thumb Code     0  startup_stm32l476xx.o(.text)
    DFSDM1_FLT1_IRQHandler                   0x08000243   Thumb Code     0  startup_stm32l476xx.o(.text)
    DFSDM1_FLT2_IRQHandler                   0x08000243   Thumb Code     0  startup_stm32l476xx.o(.text)
    DFSDM1_FLT3_IRQHandler                   0x08000243   Thumb Code     0  startup_stm32l476xx.o(.text)
    DMA1_Channel1_IRQHandler                 0x08000243   Thumb Code     0  startup_stm32l476xx.o(.text)
    DMA1_Channel2_IRQHandler                 0x08000243   Thumb Code     0  startup_stm32l476xx.o(.text)
    DMA1_Channel3_IRQHandler                 0x08000243   Thumb Code     0  startup_stm32l476xx.o(.text)
    DMA1_Channel4_IRQHandler                 0x08000243   Thumb Code     0  startup_stm32l476xx.o(.text)
    DMA1_Channel5_IRQHandler                 0x08000243   Thumb Code     0  startup_stm32l476xx.o(.text)
    DMA1_Channel6_IRQHandler                 0x08000243   Thumb Code     0  startup_stm32l476xx.o(.text)
    DMA1_Channel7_IRQHandler                 0x08000243   Thumb Code     0  startup_stm32l476xx.o(.text)
    DMA2_Channel1_IRQHandler                 0x08000243   Thumb Code     0  startup_stm32l476xx.o(.text)
    DMA2_Channel2_IRQHandler                 0x08000243   Thumb Code     0  startup_stm32l476xx.o(.text)
    DMA2_Channel3_IRQHandler                 0x08000243   Thumb Code     0  startup_stm32l476xx.o(.text)
    DMA2_Channel4_IRQHandler                 0x08000243   Thumb Code     0  startup_stm32l476xx.o(.text)
    DMA2_Channel5_IRQHandler                 0x08000243   Thumb Code     0  startup_stm32l476xx.o(.text)
    DMA2_Channel6_IRQHandler                 0x08000243   Thumb Code     0  startup_stm32l476xx.o(.text)
    DMA2_Channel7_IRQHandler                 0x08000243   Thumb Code     0  startup_stm32l476xx.o(.text)
    EXTI0_IRQHandler                         0x08000243   Thumb Code     0  startup_stm32l476xx.o(.text)
    EXTI15_10_IRQHandler                     0x08000243   Thumb Code     0  startup_stm32l476xx.o(.text)
    EXTI1_IRQHandler                         0x08000243   Thumb Code     0  startup_stm32l476xx.o(.text)
    EXTI2_IRQHandler                         0x08000243   Thumb Code     0  startup_stm32l476xx.o(.text)
    EXTI3_IRQHandler                         0x08000243   Thumb Code     0  startup_stm32l476xx.o(.text)
    EXTI4_IRQHandler                         0x08000243   Thumb Code     0  startup_stm32l476xx.o(.text)
    EXTI9_5_IRQHandler                       0x08000243   Thumb Code     0  startup_stm32l476xx.o(.text)
    FLASH_IRQHandler                         0x08000243   Thumb Code     0  startup_stm32l476xx.o(.text)
    FMC_IRQHandler                           0x08000243   Thumb Code     0  startup_stm32l476xx.o(.text)
    FPU_IRQHandler                           0x08000243   Thumb Code     0  startup_stm32l476xx.o(.text)
    I2C1_ER_IRQHandler                       0x08000243   Thumb Code     0  startup_stm32l476xx.o(.text)
    I2C1_EV_IRQHandler                       0x08000243   Thumb Code     0  startup_stm32l476xx.o(.text)
    I2C2_ER_IRQHandler                       0x08000243   Thumb Code     0  startup_stm32l476xx.o(.text)
    I2C2_EV_IRQHandler                       0x08000243   Thumb Code     0  startup_stm32l476xx.o(.text)
    I2C3_ER_IRQHandler                       0x08000243   Thumb Code     0  startup_stm32l476xx.o(.text)
    I2C3_EV_IRQHandler                       0x08000243   Thumb Code     0  startup_stm32l476xx.o(.text)
    LCD_IRQHandler                           0x08000243   Thumb Code     0  startup_stm32l476xx.o(.text)
    LPTIM1_IRQHandler                        0x08000243   Thumb Code     0  startup_stm32l476xx.o(.text)
    LPTIM2_IRQHandler                        0x08000243   Thumb Code     0  startup_stm32l476xx.o(.text)
    LPUART1_IRQHandler                       0x08000243   Thumb Code     0  startup_stm32l476xx.o(.text)
    OTG_FS_IRQHandler                        0x08000243   Thumb Code     0  startup_stm32l476xx.o(.text)
    PVD_PVM_IRQHandler                       0x08000243   Thumb Code     0  startup_stm32l476xx.o(.text)
    QUADSPI_IRQHandler                       0x08000243   Thumb Code     0  startup_stm32l476xx.o(.text)
    RCC_IRQHandler                           0x08000243   Thumb Code     0  startup_stm32l476xx.o(.text)
    RNG_IRQHandler                           0x08000243   Thumb Code     0  startup_stm32l476xx.o(.text)
    RTC_Alarm_IRQHandler                     0x08000243   Thumb Code     0  startup_stm32l476xx.o(.text)
    RTC_WKUP_IRQHandler                      0x08000243   Thumb Code     0  startup_stm32l476xx.o(.text)
    SAI1_IRQHandler                          0x08000243   Thumb Code     0  startup_stm32l476xx.o(.text)
    SAI2_IRQHandler                          0x08000243   Thumb Code     0  startup_stm32l476xx.o(.text)
    SDMMC1_IRQHandler                        0x08000243   Thumb Code     0  startup_stm32l476xx.o(.text)
    SPI1_IRQHandler                          0x08000243   Thumb Code     0  startup_stm32l476xx.o(.text)
    SPI2_IRQHandler                          0x08000243   Thumb Code     0  startup_stm32l476xx.o(.text)
    SPI3_IRQHandler                          0x08000243   Thumb Code     0  startup_stm32l476xx.o(.text)
    SWPMI1_IRQHandler                        0x08000243   Thumb Code     0  startup_stm32l476xx.o(.text)
    TAMP_STAMP_IRQHandler                    0x08000243   Thumb Code     0  startup_stm32l476xx.o(.text)
    TIM1_BRK_TIM15_IRQHandler                0x08000243   Thumb Code     0  startup_stm32l476xx.o(.text)
    TIM1_CC_IRQHandler                       0x08000243   Thumb Code     0  startup_stm32l476xx.o(.text)
    TIM1_TRG_COM_TIM17_IRQHandler            0x08000243   Thumb Code     0  startup_stm32l476xx.o(.text)
    TIM1_UP_TIM16_IRQHandler                 0x08000243   Thumb Code     0  startup_stm32l476xx.o(.text)
    TIM2_IRQHandler                          0x08000243   Thumb Code     0  startup_stm32l476xx.o(.text)
    TIM3_IRQHandler                          0x08000243   Thumb Code     0  startup_stm32l476xx.o(.text)
    TIM4_IRQHandler                          0x08000243   Thumb Code     0  startup_stm32l476xx.o(.text)
    TIM5_IRQHandler                          0x08000243   Thumb Code     0  startup_stm32l476xx.o(.text)
    TIM6_DAC_IRQHandler                      0x08000243   Thumb Code     0  startup_stm32l476xx.o(.text)
    TIM7_IRQHandler                          0x08000243   Thumb Code     0  startup_stm32l476xx.o(.text)
    TIM8_BRK_IRQHandler                      0x08000243   Thumb Code     0  startup_stm32l476xx.o(.text)
    TIM8_CC_IRQHandler                       0x08000243   Thumb Code     0  startup_stm32l476xx.o(.text)
    TIM8_TRG_COM_IRQHandler                  0x08000243   Thumb Code     0  startup_stm32l476xx.o(.text)
    TIM8_UP_IRQHandler                       0x08000243   Thumb Code     0  startup_stm32l476xx.o(.text)
    TSC_IRQHandler                           0x08000243   Thumb Code     0  startup_stm32l476xx.o(.text)
    UART4_IRQHandler                         0x08000243   Thumb Code     0  startup_stm32l476xx.o(.text)
    UART5_IRQHandler                         0x08000243   Thumb Code     0  startup_stm32l476xx.o(.text)
    USART1_IRQHandler                        0x08000243   Thumb Code     0  startup_stm32l476xx.o(.text)
    USART2_IRQHandler                        0x08000243   Thumb Code     0  startup_stm32l476xx.o(.text)
    USART3_IRQHandler                        0x08000243   Thumb Code     0  startup_stm32l476xx.o(.text)
    WWDG_IRQHandler                          0x08000243   Thumb Code     0  startup_stm32l476xx.o(.text)
    __user_initial_stackheap                 0x08000245   Thumb Code     0  startup_stm32l476xx.o(.text)
    __aeabi_memclr4                          0x08000269   Thumb Code     0  rt_memclr_w.o(.text)
    __aeabi_memclr8                          0x08000269   Thumb Code     0  rt_memclr_w.o(.text)
    __rt_memclr_w                            0x08000269   Thumb Code    78  rt_memclr_w.o(.text)
    _memset_w                                0x0800026d   Thumb Code     0  rt_memclr_w.o(.text)
    __use_two_region_memory                  0x080002b7   Thumb Code     2  heapauxi.o(.text)
    __rt_heap_escrow$2region                 0x080002b9   Thumb Code     2  heapauxi.o(.text)
    __rt_heap_expand$2region                 0x080002bb   Thumb Code     2  heapauxi.o(.text)
    __read_errno                             0x080002bd   Thumb Code    10  _rserrno.o(.text)
    __set_errno                              0x080002c7   Thumb Code    12  _rserrno.o(.text)
    __aeabi_errno_addr                       0x080002d5   Thumb Code     8  rt_errno_addr_intlibspace.o(.text)
    __errno$intlibspace                      0x080002d5   Thumb Code     0  rt_errno_addr_intlibspace.o(.text)
    __rt_errno_addr$intlibspace              0x080002d5   Thumb Code     0  rt_errno_addr_intlibspace.o(.text)
    __user_libspace                          0x080002dd   Thumb Code     8  libspace.o(.text)
    __user_perproc_libspace                  0x080002dd   Thumb Code     0  libspace.o(.text)
    __user_perthread_libspace                0x080002dd   Thumb Code     0  libspace.o(.text)
    __user_setup_stackheap                   0x080002e5   Thumb Code    74  sys_stackheap_outer.o(.text)
    exit                                     0x0800032f   Thumb Code    18  exit.o(.text)
    _sys_exit                                0x08000341   Thumb Code     8  sys_exit.o(.text)
    __I$use$semihosting                      0x0800034d   Thumb Code     0  use_no_semi.o(.text)
    __use_no_semihosting_swi                 0x0800034d   Thumb Code     2  use_no_semi.o(.text)
    __semihosting_library_function           0x0800034f   Thumb Code     0  indicate_semi.o(.text)
    ADC_Enable                               0x08000351   Thumb Code   128  stm32l4xx_hal_adc.o(i.ADC_Enable)
    BusFault_Handler                         0x080003d5   Thumb Code     4  stm32l4xx_it.o(i.BusFault_Handler)
    DebugMon_Handler                         0x080003d9   Thumb Code     2  stm32l4xx_it.o(i.DebugMon_Handler)
    Error_Handler                            0x080003db   Thumb Code     2  main.o(i.Error_Handler)
    HAL_ADCEx_MultiModeConfigChannel         0x080003dd   Thumb Code   278  stm32l4xx_hal_adc_ex.o(i.HAL_ADCEx_MultiModeConfigChannel)
    HAL_ADC_ConfigChannel                    0x08000505   Thumb Code  1224  stm32l4xx_hal_adc.o(i.HAL_ADC_ConfigChannel)
    HAL_ADC_GetValue                         0x080009ef   Thumb Code     8  stm32l4xx_hal_adc.o(i.HAL_ADC_GetValue)
    HAL_ADC_Init                             0x080009f9   Thumb Code   508  stm32l4xx_hal_adc.o(i.HAL_ADC_Init)
    HAL_ADC_MspInit                          0x08000c21   Thumb Code   102  stm32l4xx_hal_msp.o(i.HAL_ADC_MspInit)
    HAL_ADC_PollForConversion                0x08000c91   Thumb Code   298  stm32l4xx_hal_adc.o(i.HAL_ADC_PollForConversion)
    HAL_ADC_Start                            0x08000dc9   Thumb Code   270  stm32l4xx_hal_adc.o(i.HAL_ADC_Start)
    HAL_Delay                                0x08000ee5   Thumb Code    36  stm32l4xx_hal.o(i.HAL_Delay)
    HAL_GPIO_Init                            0x08000f0d   Thumb Code   480  stm32l4xx_hal_gpio.o(i.HAL_GPIO_Init)
    HAL_GPIO_WritePin                        0x08001111   Thumb Code    10  stm32l4xx_hal_gpio.o(i.HAL_GPIO_WritePin)
    HAL_GetTick                              0x0800111d   Thumb Code     6  stm32l4xx_hal.o(i.HAL_GetTick)
    HAL_I2CEx_ConfigAnalogFilter             0x08001129   Thumb Code   106  stm32l4xx_hal_i2c_ex.o(i.HAL_I2CEx_ConfigAnalogFilter)
    HAL_I2CEx_ConfigDigitalFilter            0x08001193   Thumb Code   104  stm32l4xx_hal_i2c_ex.o(i.HAL_I2CEx_ConfigDigitalFilter)
    HAL_I2C_Init                             0x080011fd   Thumb Code   192  stm32l4xx_hal_i2c.o(i.HAL_I2C_Init)
    HAL_I2C_Master_Transmit                  0x080012c1   Thumb Code   344  stm32l4xx_hal_i2c.o(i.HAL_I2C_Master_Transmit)
    HAL_I2C_MspInit                          0x08001421   Thumb Code   112  stm32l4xx_hal_msp.o(i.HAL_I2C_MspInit)
    HAL_IncTick                              0x0800149d   Thumb Code    16  stm32l4xx_hal.o(i.HAL_IncTick)
    HAL_Init                                 0x080014b5   Thumb Code    30  stm32l4xx_hal.o(i.HAL_Init)
    HAL_InitTick                             0x080014d5   Thumb Code    74  stm32l4xx_hal.o(i.HAL_InitTick)
    HAL_MspInit                              0x0800152d   Thumb Code    58  stm32l4xx_hal_msp.o(i.HAL_MspInit)
    HAL_NVIC_SetPriority                     0x0800156d   Thumb Code   124  stm32l4xx_hal_cortex.o(i.HAL_NVIC_SetPriority)
    HAL_NVIC_SetPriorityGrouping             0x080015f1   Thumb Code    32  stm32l4xx_hal_cortex.o(i.HAL_NVIC_SetPriorityGrouping)
    HAL_PWREx_ControlVoltageScaling          0x08001619   Thumb Code   128  stm32l4xx_hal_pwr_ex.o(i.HAL_PWREx_ControlVoltageScaling)
    HAL_PWREx_GetVoltageRange                0x080016a5   Thumb Code    10  stm32l4xx_hal_pwr_ex.o(i.HAL_PWREx_GetVoltageRange)
    HAL_RCCEx_PeriphCLKConfig                0x080016b5   Thumb Code  1230  stm32l4xx_hal_rcc_ex.o(i.HAL_RCCEx_PeriphCLKConfig)
    HAL_RCC_ClockConfig                      0x08001b89   Thumb Code   360  stm32l4xx_hal_rcc.o(i.HAL_RCC_ClockConfig)
    HAL_RCC_GetSysClockFreq                  0x08001d05   Thumb Code   220  stm32l4xx_hal_rcc.o(i.HAL_RCC_GetSysClockFreq)
    HAL_RCC_OscConfig                        0x08001df1   Thumb Code  1772  stm32l4xx_hal_rcc.o(i.HAL_RCC_OscConfig)
    HAL_SYSTICK_Config                       0x080024ed   Thumb Code    52  stm32l4xx_hal_cortex.o(i.HAL_SYSTICK_Config)
    HardFault_Handler                        0x08002521   Thumb Code     4  stm32l4xx_it.o(i.HardFault_Handler)
    MemManage_Handler                        0x08002985   Thumb Code     4  stm32l4xx_it.o(i.MemManage_Handler)
    NMI_Handler                              0x08002989   Thumb Code     2  stm32l4xx_it.o(i.NMI_Handler)
    PendSV_Handler                           0x0800298b   Thumb Code     2  stm32l4xx_it.o(i.PendSV_Handler)
    SVC_Handler                              0x08002d19   Thumb Code     2  stm32l4xx_it.o(i.SVC_Handler)
    SysTick_Handler                          0x08002d1b   Thumb Code     8  stm32l4xx_it.o(i.SysTick_Handler)
    SystemClock_Config                       0x08002d23   Thumb Code   160  main.o(i.SystemClock_Config)
    SystemInit                               0x08002dc5   Thumb Code    68  system_stm32l4xx.o(i.SystemInit)
    UsageFault_Handler                       0x08002e15   Thumb Code     4  stm32l4xx_it.o(i.UsageFault_Handler)
    __ARM_fpclassify                         0x08002e19   Thumb Code    48  fpclassify.o(i.__ARM_fpclassify)
    __hardfp_pow                             0x08002e81   Thumb Code  3072  pow.o(i.__hardfp_pow)
    __kernel_poly                            0x08003b01   Thumb Code   248  poly.o(i.__kernel_poly)
    __mathlib_dbl_divzero                    0x08003bf9   Thumb Code    28  dunder.o(i.__mathlib_dbl_divzero)
    __mathlib_dbl_infnan2                    0x08003c29   Thumb Code    20  dunder.o(i.__mathlib_dbl_infnan2)
    __mathlib_dbl_invalid                    0x08003c41   Thumb Code    24  dunder.o(i.__mathlib_dbl_invalid)
    __mathlib_dbl_overflow                   0x08003c61   Thumb Code    24  dunder.o(i.__mathlib_dbl_overflow)
    __mathlib_dbl_underflow                  0x08003c81   Thumb Code    24  dunder.o(i.__mathlib_dbl_underflow)
    fabs                                     0x08003ca1   Thumb Code    24  fabs.o(i.fabs)
    ftoa                                     0x08003cb9   Thumb Code   150  main.o(i.ftoa)
    intToStr                                 0x08003d65   Thumb Code    72  main.o(i.intToStr)
    lcd_clear                                0x08003dad   Thumb Code    26  main.o(i.lcd_clear)
    lcd_init                                 0x08003dc7   Thumb Code   118  main.o(i.lcd_init)
    lcd_put_cur                              0x08003e3d   Thumb Code    36  main.o(i.lcd_put_cur)
    lcd_send_cmd                             0x08003e61   Thumb Code    64  main.o(i.lcd_send_cmd)
    lcd_send_data                            0x08003ea5   Thumb Code    64  main.o(i.lcd_send_data)
    lcd_send_string                          0x08003ee9   Thumb Code    22  main.o(i.lcd_send_string)
    main                                     0x08003f01   Thumb Code   180  main.o(i.main)
    reverse                                  0x08003fed   Thumb Code    28  main.o(i.reverse)
    sqrt                                     0x08004009   Thumb Code   110  sqrt.o(i.sqrt)
    __aeabi_dneg                             0x08004077   Thumb Code     0  basic.o(x$fpl$basic)
    _dneg                                    0x08004077   Thumb Code     6  basic.o(x$fpl$basic)
    __aeabi_fneg                             0x0800407d   Thumb Code     0  basic.o(x$fpl$basic)
    _fneg                                    0x0800407d   Thumb Code     6  basic.o(x$fpl$basic)
    _dabs                                    0x08004083   Thumb Code     6  basic.o(x$fpl$basic)
    _fabs                                    0x08004089   Thumb Code     6  basic.o(x$fpl$basic)
    __aeabi_d2f                              0x08004091   Thumb Code     0  d2f.o(x$fpl$d2f)
    _d2f                                     0x08004091   Thumb Code    98  d2f.o(x$fpl$d2f)
    __aeabi_dadd                             0x080040f5   Thumb Code     0  daddsub_clz.o(x$fpl$dadd)
    _dadd                                    0x080040f5   Thumb Code   332  daddsub_clz.o(x$fpl$dadd)
    __fpl_dcheck_NaN1                        0x08004245   Thumb Code    10  dcheck1.o(x$fpl$dcheck1)
    __fpl_dcmp_Inf                           0x08004255   Thumb Code    24  dcmpi.o(x$fpl$dcmpinf)
    __aeabi_ddiv                             0x0800426d   Thumb Code     0  ddiv.o(x$fpl$ddiv)
    _ddiv                                    0x0800426d   Thumb Code   552  ddiv.o(x$fpl$ddiv)
    __aeabi_i2d                              0x0800451d   Thumb Code     0  dflt_clz.o(x$fpl$dflt)
    _dflt                                    0x0800451d   Thumb Code    46  dflt_clz.o(x$fpl$dflt)
    __aeabi_ui2d                             0x0800454b   Thumb Code     0  dflt_clz.o(x$fpl$dfltu)
    _dfltu                                   0x0800454b   Thumb Code    38  dflt_clz.o(x$fpl$dfltu)
    __aeabi_cdcmple                          0x08004571   Thumb Code     0  dleqf.o(x$fpl$dleqf)
    _dcmple                                  0x08004571   Thumb Code   120  dleqf.o(x$fpl$dleqf)
    __fpl_dcmple_InfNaN                      0x080045d3   Thumb Code     0  dleqf.o(x$fpl$dleqf)
    __aeabi_dmul                             0x080045e9   Thumb Code     0  dmul.o(x$fpl$dmul)
    _dmul                                    0x080045e9   Thumb Code   332  dmul.o(x$fpl$dmul)
    __fpl_dnaninf                            0x0800473d   Thumb Code   156  dnaninf.o(x$fpl$dnaninf)
    __fpl_dretinf                            0x080047d9   Thumb Code    12  dretinf.o(x$fpl$dretinf)
    __aeabi_cdrcmple                         0x080047e5   Thumb Code     0  drleqf.o(x$fpl$drleqf)
    _drcmple                                 0x080047e5   Thumb Code   108  drleqf.o(x$fpl$drleqf)
    __aeabi_drsub                            0x08004851   Thumb Code     0  daddsub_clz.o(x$fpl$drsb)
    _drsb                                    0x08004851   Thumb Code    22  daddsub_clz.o(x$fpl$drsb)
    _dsqrt                                   0x08004869   Thumb Code   404  dsqrt_umaal.o(x$fpl$dsqrt)
    __aeabi_dsub                             0x08004a01   Thumb Code     0  daddsub_clz.o(x$fpl$dsub)
    _dsub                                    0x08004a01   Thumb Code   464  daddsub_clz.o(x$fpl$dsub)
    __aeabi_f2d                              0x08004bd5   Thumb Code     0  f2d.o(x$fpl$f2d)
    _f2d                                     0x08004bd5   Thumb Code    86  f2d.o(x$fpl$f2d)
    __fpl_fnaninf                            0x08004c2b   Thumb Code   140  fnaninf.o(x$fpl$fnaninf)
    _fp_init                                 0x08004cb7   Thumb Code    10  fpinit.o(x$fpl$fpinit)
    __fplib_config_fpu_vfp                   0x08004cbf   Thumb Code     0  fpinit.o(x$fpl$fpinit)
    __fplib_config_pureend_doubles           0x08004cbf   Thumb Code     0  fpinit.o(x$fpl$fpinit)
    __fpl_fretinf                            0x08004cc1   Thumb Code    10  fretinf.o(x$fpl$fretinf)
    __fpl_return_NaN                         0x08004ccb   Thumb Code   100  retnan.o(x$fpl$retnan)
    __ARM_scalbn                             0x08004d2f   Thumb Code    92  scalbn.o(x$fpl$scalbn)
    __fpl_cmpreturn                          0x08004d8b   Thumb Code    48  trapv.o(x$fpl$trapveneer)
    __I$use$fp                               0x08004dba   Number         0  usenofp.o(x$fpl$usenofp)
    AHBPrescTable                            0x08004dbc   Data          16  system_stm32l4xx.o(.constdata)
    APBPrescTable                            0x08004dcc   Data           8  system_stm32l4xx.o(.constdata)
    MSIRangeTable                            0x08004dd4   Data          48  system_stm32l4xx.o(.constdata)
    __mathlib_zero                           0x08004e90   Data           8  qnan.o(.constdata)
    Region$$Table$$Base                      0x08004e98   Number         0  anon$$obj.o(Region$$Table)
    Region$$Table$$Limit                     0x08004eb8   Number         0  anon$$obj.o(Region$$Table)
    adcval                                   0x20000000   Data           4  main.o(.data)
    temp                                     0x20000004   Data           4  main.o(.data)
    uwTick                                   0x20000008   Data           4  stm32l4xx_hal.o(.data)
    uwTickPrio                               0x2000000c   Data           4  stm32l4xx_hal.o(.data)
    uwTickFreq                               0x20000010   Data           1  stm32l4xx_hal.o(.data)
    SystemCoreClock                          0x20000014   Data           4  system_stm32l4xx.o(.data)
    hadc1                                    0x20000018   Data         100  main.o(.bss)
    hi2c1                                    0x2000007c   Data          76  main.o(.bss)
    temp_string                              0x200000c8   Data          11  main.o(.bss)
    __libspace_start                         0x200000d4   Data          96  libspace.o(.bss)
    __temporary_stack_top$libspace           0x20000134   Data           0  libspace.o(.bss)



==============================================================================

Memory Map of the image

  Image Entry point : 0x08000229

  Load Region LR_IROM1 (Base: 0x08000000, Size: 0x00004ed0, Max: 0x00100000, ABSOLUTE)

    Execution Region ER_IROM1 (Exec base: 0x08000000, Load base: 0x08000000, Size: 0x00004eb8, Max: 0x00100000, ABSOLUTE)

    Exec Addr    Load Addr    Size         Type   Attr      Idx    E Section Name        Object

    0x08000000   0x08000000   0x00000188   Data   RO         3582    RESET               startup_stm32l476xx.o
    0x08000188   0x08000188   0x00000008   Code   RO         3630  * !!!main             c_w.l(__main.o)
    0x08000190   0x08000190   0x00000034   Code   RO         3896    !!!scatter          c_w.l(__scatter.o)
    0x080001c4   0x080001c4   0x0000001a   Code   RO         3898    !!handler_copy      c_w.l(__scatter_copy.o)
    0x080001de   0x080001de   0x00000002   PAD
    0x080001e0   0x080001e0   0x0000001c   Code   RO         3900    !!handler_zi        c_w.l(__scatter_zi.o)
    0x080001fc   0x080001fc   0x00000002   Code   RO         3761    .ARM.Collect$$libinit$$00000000  c_w.l(libinit.o)
    0x080001fe   0x080001fe   0x00000004   Code   RO         3768    .ARM.Collect$$libinit$$00000001  c_w.l(libinit2.o)
    0x08000202   0x08000202   0x00000000   Code   RO         3771    .ARM.Collect$$libinit$$00000004  c_w.l(libinit2.o)
    0x08000202   0x08000202   0x00000000   Code   RO         3774    .ARM.Collect$$libinit$$0000000A  c_w.l(libinit2.o)
    0x08000202   0x08000202   0x00000000   Code   RO         3776    .ARM.Collect$$libinit$$0000000C  c_w.l(libinit2.o)
    0x08000202   0x08000202   0x00000000   Code   RO         3778    .ARM.Collect$$libinit$$0000000E  c_w.l(libinit2.o)
    0x08000202   0x08000202   0x00000000   Code   RO         3781    .ARM.Collect$$libinit$$00000011  c_w.l(libinit2.o)
    0x08000202   0x08000202   0x00000000   Code   RO         3783    .ARM.Collect$$libinit$$00000013  c_w.l(libinit2.o)
    0x08000202   0x08000202   0x00000000   Code   RO         3785    .ARM.Collect$$libinit$$00000015  c_w.l(libinit2.o)
    0x08000202   0x08000202   0x00000000   Code   RO         3787    .ARM.Collect$$libinit$$00000017  c_w.l(libinit2.o)
    0x08000202   0x08000202   0x00000000   Code   RO         3789    .ARM.Collect$$libinit$$00000019  c_w.l(libinit2.o)
    0x08000202   0x08000202   0x00000000   Code   RO         3791    .ARM.Collect$$libinit$$0000001B  c_w.l(libinit2.o)
    0x08000202   0x08000202   0x00000000   Code   RO         3793    .ARM.Collect$$libinit$$0000001D  c_w.l(libinit2.o)
    0x08000202   0x08000202   0x00000000   Code   RO         3795    .ARM.Collect$$libinit$$0000001F  c_w.l(libinit2.o)
    0x08000202   0x08000202   0x00000000   Code   RO         3797    .ARM.Collect$$libinit$$00000021  c_w.l(libinit2.o)
    0x08000202   0x08000202   0x00000000   Code   RO         3799    .ARM.Collect$$libinit$$00000023  c_w.l(libinit2.o)
    0x08000202   0x08000202   0x00000000   Code   RO         3801    .ARM.Collect$$libinit$$00000025  c_w.l(libinit2.o)
    0x08000202   0x08000202   0x00000000   Code   RO         3805    .ARM.Collect$$libinit$$0000002C  c_w.l(libinit2.o)
    0x08000202   0x08000202   0x00000000   Code   RO         3807    .ARM.Collect$$libinit$$0000002E  c_w.l(libinit2.o)
    0x08000202   0x08000202   0x00000000   Code   RO         3809    .ARM.Collect$$libinit$$00000030  c_w.l(libinit2.o)
    0x08000202   0x08000202   0x00000000   Code   RO         3811    .ARM.Collect$$libinit$$00000032  c_w.l(libinit2.o)
    0x08000202   0x08000202   0x00000002   Code   RO         3812    .ARM.Collect$$libinit$$00000033  c_w.l(libinit2.o)
    0x08000204   0x08000204   0x00000002   Code   RO         3834    .ARM.Collect$$libshutdown$$00000000  c_w.l(libshutdown.o)
    0x08000206   0x08000206   0x00000000   Code   RO         3847    .ARM.Collect$$libshutdown$$00000002  c_w.l(libshutdown2.o)
    0x08000206   0x08000206   0x00000000   Code   RO         3849    .ARM.Collect$$libshutdown$$00000004  c_w.l(libshutdown2.o)
    0x08000206   0x08000206   0x00000000   Code   RO         3851    .ARM.Collect$$libshutdown$$00000006  c_w.l(libshutdown2.o)
    0x08000206   0x08000206   0x00000000   Code   RO         3854    .ARM.Collect$$libshutdown$$00000009  c_w.l(libshutdown2.o)
    0x08000206   0x08000206   0x00000000   Code   RO         3857    .ARM.Collect$$libshutdown$$0000000C  c_w.l(libshutdown2.o)
    0x08000206   0x08000206   0x00000000   Code   RO         3859    .ARM.Collect$$libshutdown$$0000000E  c_w.l(libshutdown2.o)
    0x08000206   0x08000206   0x00000000   Code   RO         3862    .ARM.Collect$$libshutdown$$00000011  c_w.l(libshutdown2.o)
    0x08000206   0x08000206   0x00000002   Code   RO         3863    .ARM.Collect$$libshutdown$$00000012  c_w.l(libshutdown2.o)
    0x08000208   0x08000208   0x00000000   Code   RO         3662    .ARM.Collect$$rtentry$$00000000  c_w.l(__rtentry.o)
    0x08000208   0x08000208   0x00000000   Code   RO         3724    .ARM.Collect$$rtentry$$00000002  c_w.l(__rtentry2.o)
    0x08000208   0x08000208   0x00000006   Code   RO         3736    .ARM.Collect$$rtentry$$00000004  c_w.l(__rtentry4.o)
    0x0800020e   0x0800020e   0x00000000   Code   RO         3726    .ARM.Collect$$rtentry$$00000009  c_w.l(__rtentry2.o)
    0x0800020e   0x0800020e   0x00000004   Code   RO         3727    .ARM.Collect$$rtentry$$0000000A  c_w.l(__rtentry2.o)
    0x08000212   0x08000212   0x00000000   Code   RO         3729    .ARM.Collect$$rtentry$$0000000C  c_w.l(__rtentry2.o)
    0x08000212   0x08000212   0x00000008   Code   RO         3730    .ARM.Collect$$rtentry$$0000000D  c_w.l(__rtentry2.o)
    0x0800021a   0x0800021a   0x00000002   Code   RO         3766    .ARM.Collect$$rtexit$$00000000  c_w.l(rtexit.o)
    0x0800021c   0x0800021c   0x00000000   Code   RO         3816    .ARM.Collect$$rtexit$$00000002  c_w.l(rtexit2.o)
    0x0800021c   0x0800021c   0x00000004   Code   RO         3817    .ARM.Collect$$rtexit$$00000003  c_w.l(rtexit2.o)
    0x08000220   0x08000220   0x00000006   Code   RO         3818    .ARM.Collect$$rtexit$$00000004  c_w.l(rtexit2.o)
    0x08000226   0x08000226   0x00000002   PAD
    0x08000228   0x08000228   0x00000040   Code   RO         3583  * .text               startup_stm32l476xx.o
    0x08000268   0x08000268   0x0000004e   Code   RO         3626    .text               c_w.l(rt_memclr_w.o)
    0x080002b6   0x080002b6   0x00000006   Code   RO         3628    .text               c_w.l(heapauxi.o)
    0x080002bc   0x080002bc   0x00000016   Code   RO         3663    .text               c_w.l(_rserrno.o)
    0x080002d2   0x080002d2   0x00000002   PAD
    0x080002d4   0x080002d4   0x00000008   Code   RO         3741    .text               c_w.l(rt_errno_addr_intlibspace.o)
    0x080002dc   0x080002dc   0x00000008   Code   RO         3749    .text               c_w.l(libspace.o)
    0x080002e4   0x080002e4   0x0000004a   Code   RO         3752    .text               c_w.l(sys_stackheap_outer.o)
    0x0800032e   0x0800032e   0x00000012   Code   RO         3754    .text               c_w.l(exit.o)
    0x08000340   0x08000340   0x0000000c   Code   RO         3826    .text               c_w.l(sys_exit.o)
    0x0800034c   0x0800034c   0x00000002   Code   RO         3837    .text               c_w.l(use_no_semi.o)
    0x0800034e   0x0800034e   0x00000000   Code   RO         3839    .text               c_w.l(indicate_semi.o)
    0x0800034e   0x0800034e   0x00000002   PAD
    0x08000350   0x08000350   0x00000084   Code   RO          651    i.ADC_Enable        stm32l4xx_hal_adc.o
    0x080003d4   0x080003d4   0x00000004   Code   RO          232    i.BusFault_Handler  stm32l4xx_it.o
    0x080003d8   0x080003d8   0x00000002   Code   RO          233    i.DebugMon_Handler  stm32l4xx_it.o
    0x080003da   0x080003da   0x00000002   Code   RO            4    i.Error_Handler     main.o
    0x080003dc   0x080003dc   0x00000128   Code   RO          929    i.HAL_ADCEx_MultiModeConfigChannel  stm32l4xx_hal_adc_ex.o
    0x08000504   0x08000504   0x000004ea   Code   RO          653    i.HAL_ADC_ConfigChannel  stm32l4xx_hal_adc.o
    0x080009ee   0x080009ee   0x00000008   Code   RO          660    i.HAL_ADC_GetValue  stm32l4xx_hal_adc.o
    0x080009f6   0x080009f6   0x00000002   PAD
    0x080009f8   0x080009f8   0x00000226   Code   RO          662    i.HAL_ADC_Init      stm32l4xx_hal_adc.o
    0x08000c1e   0x08000c1e   0x00000002   PAD
    0x08000c20   0x08000c20   0x00000070   Code   RO         3536    i.HAL_ADC_MspInit   stm32l4xx_hal_msp.o
    0x08000c90   0x08000c90   0x00000138   Code   RO          666    i.HAL_ADC_PollForConversion  stm32l4xx_hal_adc.o
    0x08000dc8   0x08000dc8   0x0000011c   Code   RO          668    i.HAL_ADC_Start     stm32l4xx_hal_adc.o
    0x08000ee4   0x08000ee4   0x00000028   Code   RO          419    i.HAL_Delay         stm32l4xx_hal.o
    0x08000f0c   0x08000f0c   0x00000204   Code   RO         1628    i.HAL_GPIO_Init     stm32l4xx_hal_gpio.o
    0x08001110   0x08001110   0x0000000a   Code   RO         1632    i.HAL_GPIO_WritePin  stm32l4xx_hal_gpio.o
    0x0800111a   0x0800111a   0x00000002   PAD
    0x0800111c   0x0800111c   0x0000000c   Code   RO          423    i.HAL_GetTick       stm32l4xx_hal.o
    0x08001128   0x08001128   0x0000006a   Code   RO         2171    i.HAL_I2CEx_ConfigAnalogFilter  stm32l4xx_hal_i2c_ex.o
    0x08001192   0x08001192   0x00000068   Code   RO         2172    i.HAL_I2CEx_ConfigDigitalFilter  stm32l4xx_hal_i2c_ex.o
    0x080011fa   0x080011fa   0x00000002   PAD
    0x080011fc   0x080011fc   0x000000c4   Code   RO         1720    i.HAL_I2C_Init      stm32l4xx_hal_i2c.o
    0x080012c0   0x080012c0   0x00000160   Code   RO         1733    i.HAL_I2C_Master_Transmit  stm32l4xx_hal_i2c.o
    0x08001420   0x08001420   0x0000007c   Code   RO         3538    i.HAL_I2C_MspInit   stm32l4xx_hal_msp.o
    0x0800149c   0x0800149c   0x00000018   Code   RO          429    i.HAL_IncTick       stm32l4xx_hal.o
    0x080014b4   0x080014b4   0x0000001e   Code   RO          430    i.HAL_Init          stm32l4xx_hal.o
    0x080014d2   0x080014d2   0x00000002   PAD
    0x080014d4   0x080014d4   0x00000058   Code   RO          431    i.HAL_InitTick      stm32l4xx_hal.o
    0x0800152c   0x0800152c   0x00000040   Code   RO         3539    i.HAL_MspInit       stm32l4xx_hal_msp.o
    0x0800156c   0x0800156c   0x00000082   Code   RO         1185    i.HAL_NVIC_SetPriority  stm32l4xx_hal_cortex.o
    0x080015ee   0x080015ee   0x00000002   PAD
    0x080015f0   0x080015f0   0x00000028   Code   RO         1186    i.HAL_NVIC_SetPriorityGrouping  stm32l4xx_hal_cortex.o
    0x08001618   0x08001618   0x0000008c   Code   RO         2538    i.HAL_PWREx_ControlVoltageScaling  stm32l4xx_hal_pwr_ex.o
    0x080016a4   0x080016a4   0x00000010   Code   RO         2569    i.HAL_PWREx_GetVoltageRange  stm32l4xx_hal_pwr_ex.o
    0x080016b4   0x080016b4   0x000004d4   Code   RO         2923    i.HAL_RCCEx_PeriphCLKConfig  stm32l4xx_hal_rcc_ex.o
    0x08001b88   0x08001b88   0x0000017c   Code   RO         2808    i.HAL_RCC_ClockConfig  stm32l4xx_hal_rcc.o
    0x08001d04   0x08001d04   0x000000ec   Code   RO         2816    i.HAL_RCC_GetSysClockFreq  stm32l4xx_hal_rcc.o
    0x08001df0   0x08001df0   0x000006fc   Code   RO         2819    i.HAL_RCC_OscConfig  stm32l4xx_hal_rcc.o
    0x080024ec   0x080024ec   0x00000034   Code   RO         1190    i.HAL_SYSTICK_Config  stm32l4xx_hal_cortex.o
    0x08002520   0x08002520   0x00000004   Code   RO          234    i.HardFault_Handler  stm32l4xx_it.o
    0x08002524   0x08002524   0x00000028   Code   RO         1767    i.I2C_Flush_TXDR    stm32l4xx_hal_i2c.o
    0x0800254c   0x0800254c   0x00000098   Code   RO         1775    i.I2C_IsAcknowledgeFailed  stm32l4xx_hal_i2c.o
    0x080025e4   0x080025e4   0x00000034   Code   RO         1782    i.I2C_TransferConfig  stm32l4xx_hal_i2c.o
    0x08002618   0x08002618   0x0000005e   Code   RO         1784    i.I2C_WaitOnFlagUntilTimeout  stm32l4xx_hal_i2c.o
    0x08002676   0x08002676   0x00000056   Code   RO         1786    i.I2C_WaitOnSTOPFlagUntilTimeout  stm32l4xx_hal_i2c.o
    0x080026cc   0x080026cc   0x0000005a   Code   RO         1787    i.I2C_WaitOnTXISFlagUntilTimeout  stm32l4xx_hal_i2c.o
    0x08002726   0x08002726   0x00000002   PAD
    0x08002728   0x08002728   0x00000010   Code   RO          675    i.LL_ADC_Enable     stm32l4xx_hal_adc.o
    0x08002738   0x08002738   0x0000000a   Code   RO          676    i.LL_ADC_GetMultimode  stm32l4xx_hal_adc.o
    0x08002742   0x08002742   0x00000012   Code   RO          677    i.LL_ADC_GetOffsetChannel  stm32l4xx_hal_adc.o
    0x08002754   0x08002754   0x0000000a   Code   RO          678    i.LL_ADC_INJ_IsConversionOngoing  stm32l4xx_hal_adc.o
    0x0800275e   0x0800275e   0x0000000a   Code   RO          680    i.LL_ADC_IsEnabled  stm32l4xx_hal_adc.o
    0x08002768   0x08002768   0x0000000a   Code   RO          941    i.LL_ADC_IsEnabled  stm32l4xx_hal_adc_ex.o
    0x08002772   0x08002772   0x0000000a   Code   RO          681    i.LL_ADC_IsInternalRegulatorEnabled  stm32l4xx_hal_adc.o
    0x0800277c   0x0800277c   0x0000000a   Code   RO          682    i.LL_ADC_REG_IsConversionOngoing  stm32l4xx_hal_adc.o
    0x08002786   0x08002786   0x0000000a   Code   RO          942    i.LL_ADC_REG_IsConversionOngoing  stm32l4xx_hal_adc_ex.o
    0x08002790   0x08002790   0x00000012   Code   RO          683    i.LL_ADC_REG_IsTriggerSourceSWStart  stm32l4xx_hal_adc.o
    0x080027a2   0x080027a2   0x00000002   PAD
    0x080027a4   0x080027a4   0x00000010   Code   RO          684    i.LL_ADC_REG_StartConversion  stm32l4xx_hal_adc.o
    0x080027b4   0x080027b4   0x00000028   Code   RO          686    i.LL_ADC_SetChannelSamplingTime  stm32l4xx_hal_adc.o
    0x080027dc   0x080027dc   0x0000000c   Code   RO          687    i.LL_ADC_SetCommonPathInternalCh  stm32l4xx_hal_adc.o
    0x080027e8   0x080027e8   0x00000016   Code   RO          688    i.LL_ADC_SetOffsetState  stm32l4xx_hal_adc.o
    0x080027fe   0x080027fe   0x00000002   PAD
    0x08002800   0x08002800   0x000000a4   Code   RO            5    i.MX_ADC1_Init      main.o
    0x080028a4   0x080028a4   0x0000008c   Code   RO            6    i.MX_GPIO_Init      main.o
    0x08002930   0x08002930   0x00000054   Code   RO            7    i.MX_I2C1_Init      main.o
    0x08002984   0x08002984   0x00000004   Code   RO          235    i.MemManage_Handler  stm32l4xx_it.o
    0x08002988   0x08002988   0x00000002   Code   RO          236    i.NMI_Handler       stm32l4xx_it.o
    0x0800298a   0x0800298a   0x00000002   Code   RO          237    i.PendSV_Handler    stm32l4xx_it.o
    0x0800298c   0x0800298c   0x0000018c   Code   RO         2927    i.RCCEx_PLLSAI1_Config  stm32l4xx_hal_rcc_ex.o
    0x08002b18   0x08002b18   0x00000164   Code   RO         2928    i.RCCEx_PLLSAI2_Config  stm32l4xx_hal_rcc_ex.o
    0x08002c7c   0x08002c7c   0x0000009c   Code   RO         2820    i.RCC_SetFlashLatencyFromMSIRange  stm32l4xx_hal_rcc.o
    0x08002d18   0x08002d18   0x00000002   Code   RO          238    i.SVC_Handler       stm32l4xx_it.o
    0x08002d1a   0x08002d1a   0x00000008   Code   RO          239    i.SysTick_Handler   stm32l4xx_it.o
    0x08002d22   0x08002d22   0x000000a0   Code   RO            8    i.SystemClock_Config  main.o
    0x08002dc2   0x08002dc2   0x00000002   PAD
    0x08002dc4   0x08002dc4   0x00000050   Code   RO         3591    i.SystemInit        system_stm32l4xx.o
    0x08002e14   0x08002e14   0x00000004   Code   RO          240    i.UsageFault_Handler  stm32l4xx_it.o
    0x08002e18   0x08002e18   0x00000030   Code   RO         3706    i.__ARM_fpclassify  m_wm.l(fpclassify.o)
    0x08002e48   0x08002e48   0x00000010   Code   RO         1192    i.__NVIC_GetPriorityGrouping  stm32l4xx_hal_cortex.o
    0x08002e58   0x08002e58   0x00000028   Code   RO         1193    i.__NVIC_SetPriority  stm32l4xx_hal_cortex.o
    0x08002e80   0x08002e80   0x00000c80   Code   RO         3648    i.__hardfp_pow      m_wm.l(pow.o)
    0x08003b00   0x08003b00   0x000000f8   Code   RO         3708    i.__kernel_poly     m_wm.l(poly.o)
    0x08003bf8   0x08003bf8   0x00000030   Code   RO         3686    i.__mathlib_dbl_divzero  m_wm.l(dunder.o)
    0x08003c28   0x08003c28   0x00000014   Code   RO         3688    i.__mathlib_dbl_infnan2  m_wm.l(dunder.o)
    0x08003c3c   0x08003c3c   0x00000004   PAD
    0x08003c40   0x08003c40   0x00000020   Code   RO         3689    i.__mathlib_dbl_invalid  m_wm.l(dunder.o)
    0x08003c60   0x08003c60   0x00000020   Code   RO         3690    i.__mathlib_dbl_overflow  m_wm.l(dunder.o)
    0x08003c80   0x08003c80   0x00000020   Code   RO         3692    i.__mathlib_dbl_underflow  m_wm.l(dunder.o)
    0x08003ca0   0x08003ca0   0x00000018   Code   RO         3702    i.fabs              m_wm.l(fabs.o)
    0x08003cb8   0x08003cb8   0x000000ac   Code   RO            9    i.ftoa              main.o
    0x08003d64   0x08003d64   0x00000048   Code   RO           10    i.intToStr          main.o
    0x08003dac   0x08003dac   0x0000001a   Code   RO           11    i.lcd_clear         main.o
    0x08003dc6   0x08003dc6   0x00000076   Code   RO           12    i.lcd_init          main.o
    0x08003e3c   0x08003e3c   0x00000024   Code   RO           13    i.lcd_put_cur       main.o
    0x08003e60   0x08003e60   0x00000044   Code   RO           14    i.lcd_send_cmd      main.o
    0x08003ea4   0x08003ea4   0x00000044   Code   RO           15    i.lcd_send_data     main.o
    0x08003ee8   0x08003ee8   0x00000016   Code   RO           16    i.lcd_send_string   main.o
    0x08003efe   0x08003efe   0x00000002   PAD
    0x08003f00   0x08003f00   0x000000ec   Code   RO           17    i.main              main.o
    0x08003fec   0x08003fec   0x0000001c   Code   RO           18    i.reverse           main.o
    0x08004008   0x08004008   0x0000006e   Code   RO         3713    i.sqrt              m_wm.l(sqrt.o)
    0x08004076   0x08004076   0x00000018   Code   RO         3665    x$fpl$basic         fz_wm.l(basic.o)
    0x0800408e   0x0800408e   0x00000002   PAD
    0x08004090   0x08004090   0x00000062   Code   RO         3632    x$fpl$d2f           fz_wm.l(d2f.o)
    0x080040f2   0x080040f2   0x00000002   PAD
    0x080040f4   0x080040f4   0x00000150   Code   RO         3667    x$fpl$dadd          fz_wm.l(daddsub_clz.o)
    0x08004244   0x08004244   0x00000010   Code   RO         3743    x$fpl$dcheck1       fz_wm.l(dcheck1.o)
    0x08004254   0x08004254   0x00000018   Code   RO         3762    x$fpl$dcmpinf       fz_wm.l(dcmpi.o)
    0x0800426c   0x0800426c   0x000002b0   Code   RO         3635    x$fpl$ddiv          fz_wm.l(ddiv.o)
    0x0800451c   0x0800451c   0x0000002e   Code   RO         3639    x$fpl$dflt          fz_wm.l(dflt_clz.o)
    0x0800454a   0x0800454a   0x00000026   Code   RO         3638    x$fpl$dfltu         fz_wm.l(dflt_clz.o)
    0x08004570   0x08004570   0x00000078   Code   RO         3745    x$fpl$dleqf         fz_wm.l(dleqf.o)
    0x080045e8   0x080045e8   0x00000154   Code   RO         3644    x$fpl$dmul          fz_wm.l(dmul.o)
    0x0800473c   0x0800473c   0x0000009c   Code   RO         3673    x$fpl$dnaninf       fz_wm.l(dnaninf.o)
    0x080047d8   0x080047d8   0x0000000c   Code   RO         3675    x$fpl$dretinf       fz_wm.l(dretinf.o)
    0x080047e4   0x080047e4   0x0000006c   Code   RO         3677    x$fpl$drleqf        fz_wm.l(drleqf.o)
    0x08004850   0x08004850   0x00000016   Code   RO         3668    x$fpl$drsb          fz_wm.l(daddsub_clz.o)
    0x08004866   0x08004866   0x00000002   PAD
    0x08004868   0x08004868   0x00000198   Code   RO         3747    x$fpl$dsqrt         fz_wm.l(dsqrt_umaal.o)
    0x08004a00   0x08004a00   0x000001d4   Code   RO         3669    x$fpl$dsub          fz_wm.l(daddsub_clz.o)
    0x08004bd4   0x08004bd4   0x00000056   Code   RO         3646    x$fpl$f2d           fz_wm.l(f2d.o)
    0x08004c2a   0x08004c2a   0x0000008c   Code   RO         3679    x$fpl$fnaninf       fz_wm.l(fnaninf.o)
    0x08004cb6   0x08004cb6   0x0000000a   Code   RO         3824    x$fpl$fpinit        fz_wm.l(fpinit.o)
    0x08004cc0   0x08004cc0   0x0000000a   Code   RO         3681    x$fpl$fretinf       fz_wm.l(fretinf.o)
    0x08004cca   0x08004cca   0x00000064   Code   RO         3764    x$fpl$retnan        fz_wm.l(retnan.o)
    0x08004d2e   0x08004d2e   0x0000005c   Code   RO         3683    x$fpl$scalbn        fz_wm.l(scalbn.o)
    0x08004d8a   0x08004d8a   0x00000030   Code   RO         3813    x$fpl$trapveneer    fz_wm.l(trapv.o)
    0x08004dba   0x08004dba   0x00000000   Code   RO         3685    x$fpl$usenofp       fz_wm.l(usenofp.o)
    0x08004dba   0x08004dba   0x00000002   PAD
    0x08004dbc   0x08004dbc   0x00000048   Data   RO         3592    .constdata          system_stm32l4xx.o
    0x08004e04   0x08004e04   0x00000004   PAD
    0x08004e08   0x08004e08   0x00000088   Data   RO         3651    .constdata          m_wm.l(pow.o)
    0x08004e90   0x08004e90   0x00000008   Data   RO         3710    .constdata          m_wm.l(qnan.o)
    0x08004e98   0x08004e98   0x00000020   Data   RO         3894    Region$$Table       anon$$obj.o


    Execution Region RW_IRAM1 (Exec base: 0x20000000, Load base: 0x08004eb8, Size: 0x00000738, Max: 0x00018000, ABSOLUTE)

    Exec Addr    Load Addr    Size         Type   Attr      Idx    E Section Name        Object

    0x20000000   0x08004eb8   0x00000008   Data   RW           20    .data               main.o
    0x20000008   0x08004ec0   0x00000009   Data   RW          447    .data               stm32l4xx_hal.o
    0x20000011   0x08004ec9   0x00000003   PAD
    0x20000014   0x08004ecc   0x00000004   Data   RW         3593    .data               system_stm32l4xx.o
    0x20000018        -       0x000000bb   Zero   RW           19    .bss                main.o
    0x200000d3   0x08004ed0   0x00000001   PAD
    0x200000d4        -       0x00000060   Zero   RW         3750    .bss                c_w.l(libspace.o)
    0x20000134   0x08004ed0   0x00000004   PAD
    0x20000138        -       0x00000200   Zero   RW         3581    HEAP                startup_stm32l476xx.o
    0x20000338        -       0x00000400   Zero   RW         3580    STACK               startup_stm32l476xx.o


==============================================================================

Image component sizes


      Code (inc. data)   RO Data    RW Data    ZI Data      Debug   Object Name

      1396        102          0          8        187     828440   main.o
        64         26        392          0       1536        876   startup_stm32l476xx.o
       194         32          0          9          0      14957   stm32l4xx_hal.o
      2736        132          0          0          0      73419   stm32l4xx_hal_adc.o
       316         18          0          0          0      60403   stm32l4xx_hal_adc_ex.o
       278         22          0          0          0      34186   stm32l4xx_hal_cortex.o
       526         36          0          0          0       2532   stm32l4xx_hal_gpio.o
      1062         16          0          0          0       8933   stm32l4xx_hal_i2c.o
       210          0          0          0          0       2155   stm32l4xx_hal_i2c_ex.o
       300         28          0          0          0       2766   stm32l4xx_hal_msp.o
       156         18          0          0          0       1514   stm32l4xx_hal_pwr_ex.o
      2560         80          0          0          0       5972   stm32l4xx_hal_rcc.o
      1988         48          0          0          0       4224   stm32l4xx_hal_rcc_ex.o
        32          0          0          0          0       4882   stm32l4xx_it.o
        80         12         72          4          0       1389   system_stm32l4xx.o

    ----------------------------------------------------------------------
     11920        570        500         24       1724    1046648   Object Totals
         0          0         32          0          0          0   (incl. Generated)
        22          0          4          3          1          0   (incl. Padding)

    ----------------------------------------------------------------------

      Code (inc. data)   RO Data    RW Data    ZI Data      Debug   Library Member Name

         8          0          0          0          0         68   __main.o
         0          0          0          0          0          0   __rtentry.o
        12          0          0          0          0          0   __rtentry2.o
         6          0          0          0          0          0   __rtentry4.o
        52          8          0          0          0          0   __scatter.o
        26          0          0          0          0          0   __scatter_copy.o
        28          0          0          0          0          0   __scatter_zi.o
        22          0          0          0          0        100   _rserrno.o
        18          0          0          0          0         80   exit.o
         6          0          0          0          0        152   heapauxi.o
         0          0          0          0          0          0   indicate_semi.o
         2          0          0          0          0          0   libinit.o
         6          0          0          0          0          0   libinit2.o
         2          0          0          0          0          0   libshutdown.o
         2          0          0          0          0          0   libshutdown2.o
         8          4          0          0         96         68   libspace.o
         8          4          0          0          0         68   rt_errno_addr_intlibspace.o
        78          0          0          0          0         80   rt_memclr_w.o
         2          0          0          0          0          0   rtexit.o
        10          0          0          0          0          0   rtexit2.o
        12          4          0          0          0         68   sys_exit.o
        74          0          0          0          0         80   sys_stackheap_outer.o
         2          0          0          0          0         68   use_no_semi.o
        24          0          0          0          0        164   basic.o
        98          4          0          0          0        140   d2f.o
       826         16          0          0          0        492   daddsub_clz.o
        16          4          0          0          0        116   dcheck1.o
        24          0          0          0          0        116   dcmpi.o
       688        140          0          0          0        256   ddiv.o
        84          0          0          0          0        232   dflt_clz.o
       120          4          0          0          0        140   dleqf.o
       340         12          0          0          0        152   dmul.o
       156          4          0          0          0        140   dnaninf.o
        12          0          0          0          0        116   dretinf.o
       108          0          0          0          0        128   drleqf.o
       408         56          0          0          0        168   dsqrt_umaal.o
        86          4          0          0          0        132   f2d.o
       140          4          0          0          0        132   fnaninf.o
        10          0          0          0          0        116   fpinit.o
        10          0          0          0          0        116   fretinf.o
       100          0          0          0          0        116   retnan.o
        92          0          0          0          0        116   scalbn.o
        48          0          0          0          0        116   trapv.o
         0          0          0          0          0          0   usenofp.o
       164         44          0          0          0        620   dunder.o
        24          0          0          0          0        124   fabs.o
        48          0          0          0          0        124   fpclassify.o
       248          0          0          0          0        152   poly.o
      3200        296        136          0          0        352   pow.o
         0          0          8          0          0          0   qnan.o
       110          0          0          0          0        148   sqrt.o

    ----------------------------------------------------------------------
      7588        608        144          0        100       5556   Library Totals
        20          0          0          0          4          0   (incl. Padding)

    ----------------------------------------------------------------------

      Code (inc. data)   RO Data    RW Data    ZI Data      Debug   Library Name

       384         20          0          0         96        832   c_w.l
      3390        248          0          0          0       3204   fz_wm.l
      3794        340        144          0          0       1520   m_wm.l

    ----------------------------------------------------------------------
      7588        608        144          0        100       5556   Library Totals

    ----------------------------------------------------------------------

==============================================================================


      Code (inc. data)   RO Data    RW Data    ZI Data      Debug   

     19508       1178        644         24       1824    1041392   Grand Totals
     19508       1178        644         24       1824    1041392   ELF Image Totals
     19508       1178        644         24          0          0   ROM Totals

==============================================================================

    Total RO  Size (Code + RO Data)                20152 (  19.68kB)
    Total RW  Size (RW Data + ZI Data)              1848 (   1.80kB)
    Total ROM Size (Code + RO Data + RW Data)      20176 (  19.70kB)

==============================================================================

